Archive member included to satisfy reference by file (symbol)

D:/STM32CubeCLT/STM32CubeCLT_1.16.0/GNU-tools-for-STM32/bin/../lib/gcc/arm-none-eabi/12.3.1/thumb/v7e-m/nofp\libgcc.a(_aeabi_uldivmod.o)
                              CMakeFiles/LED_2_PWM.elf.dir/Drivers/STM32F4xx_HAL_Driver/Src/stm32f4xx_hal_rcc.c.obj (__aeabi_uldivmod)
D:/STM32CubeCLT/STM32CubeCLT_1.16.0/GNU-tools-for-STM32/bin/../lib/gcc/arm-none-eabi/12.3.1/thumb/v7e-m/nofp\libgcc.a(_udivmoddi4.o)
                              D:/STM32CubeCLT/STM32CubeCLT_1.16.0/GNU-tools-for-STM32/bin/../lib/gcc/arm-none-eabi/12.3.1/thumb/v7e-m/nofp\libgcc.a(_aeabi_uldivmod.o) (__udivmoddi4)
D:/STM32CubeCLT/STM32CubeCLT_1.16.0/GNU-tools-for-STM32/bin/../lib/gcc/arm-none-eabi/12.3.1/thumb/v7e-m/nofp\libgcc.a(unwind-arm.o)
                              CMakeFiles/LED_2_PWM.elf.dir/Core/Src/exit_callback.cpp.obj (__aeabi_unwind_cpp_pr1)
D:/STM32CubeCLT/STM32CubeCLT_1.16.0/GNU-tools-for-STM32/bin/../lib/gcc/arm-none-eabi/12.3.1/thumb/v7e-m/nofp\libgcc.a(libunwind.o)
                              D:/STM32CubeCLT/STM32CubeCLT_1.16.0/GNU-tools-for-STM32/bin/../lib/gcc/arm-none-eabi/12.3.1/thumb/v7e-m/nofp\libgcc.a(unwind-arm.o) (restore_core_regs)
D:/STM32CubeCLT/STM32CubeCLT_1.16.0/GNU-tools-for-STM32/bin/../lib/gcc/arm-none-eabi/12.3.1/thumb/v7e-m/nofp\libgcc.a(pr-support.o)
                              D:/STM32CubeCLT/STM32CubeCLT_1.16.0/GNU-tools-for-STM32/bin/../lib/gcc/arm-none-eabi/12.3.1/thumb/v7e-m/nofp\libgcc.a(unwind-arm.o) (__gnu_unwind_execute)
D:/STM32CubeCLT/STM32CubeCLT_1.16.0/GNU-tools-for-STM32/bin/../lib/gcc/arm-none-eabi/12.3.1/thumb/v7e-m/nofp\libgcc.a(_dvmd_tls.o)
                              D:/STM32CubeCLT/STM32CubeCLT_1.16.0/GNU-tools-for-STM32/bin/../lib/gcc/arm-none-eabi/12.3.1/thumb/v7e-m/nofp\libgcc.a(_aeabi_uldivmod.o) (__aeabi_ldiv0)
D:/STM32CubeCLT/STM32CubeCLT_1.16.0/GNU-tools-for-STM32/bin/../lib/gcc/arm-none-eabi/12.3.1/../../../../arm-none-eabi/lib/thumb/v7e-m/nofp\libg.a(libc_a-abort.o)
                              D:/STM32CubeCLT/STM32CubeCLT_1.16.0/GNU-tools-for-STM32/bin/../lib/gcc/arm-none-eabi/12.3.1/thumb/v7e-m/nofp\libgcc.a(unwind-arm.o) (abort)
D:/STM32CubeCLT/STM32CubeCLT_1.16.0/GNU-tools-for-STM32/bin/../lib/gcc/arm-none-eabi/12.3.1/../../../../arm-none-eabi/lib/thumb/v7e-m/nofp\libg.a(libc_a-exit.o)
                              D:/STM32CubeCLT/STM32CubeCLT_1.16.0/GNU-tools-for-STM32/bin/../lib/gcc/arm-none-eabi/12.3.1/../../../../arm-none-eabi/lib/thumb/v7e-m/nofp/crt0.o (exit)
D:/STM32CubeCLT/STM32CubeCLT_1.16.0/GNU-tools-for-STM32/bin/../lib/gcc/arm-none-eabi/12.3.1/../../../../arm-none-eabi/lib/thumb/v7e-m/nofp\libg.a(libc_a-findfp.o)
                              D:/STM32CubeCLT/STM32CubeCLT_1.16.0/GNU-tools-for-STM32/bin/../lib/gcc/arm-none-eabi/12.3.1/../../../../arm-none-eabi/lib/thumb/v7e-m/nofp\libg.a(libc_a-exit.o) (__stdio_exit_handler)
D:/STM32CubeCLT/STM32CubeCLT_1.16.0/GNU-tools-for-STM32/bin/../lib/gcc/arm-none-eabi/12.3.1/../../../../arm-none-eabi/lib/thumb/v7e-m/nofp\libg.a(libc_a-fwalk.o)
                              D:/STM32CubeCLT/STM32CubeCLT_1.16.0/GNU-tools-for-STM32/bin/../lib/gcc/arm-none-eabi/12.3.1/../../../../arm-none-eabi/lib/thumb/v7e-m/nofp\libg.a(libc_a-findfp.o) (_fwalk_sglue)
D:/STM32CubeCLT/STM32CubeCLT_1.16.0/GNU-tools-for-STM32/bin/../lib/gcc/arm-none-eabi/12.3.1/../../../../arm-none-eabi/lib/thumb/v7e-m/nofp\libg.a(libc_a-stdio.o)
                              D:/STM32CubeCLT/STM32CubeCLT_1.16.0/GNU-tools-for-STM32/bin/../lib/gcc/arm-none-eabi/12.3.1/../../../../arm-none-eabi/lib/thumb/v7e-m/nofp\libg.a(libc_a-findfp.o) (__sread)
D:/STM32CubeCLT/STM32CubeCLT_1.16.0/GNU-tools-for-STM32/bin/../lib/gcc/arm-none-eabi/12.3.1/../../../../arm-none-eabi/lib/thumb/v7e-m/nofp\libg.a(libc_a-memset.o)
                              D:/STM32CubeCLT/STM32CubeCLT_1.16.0/GNU-tools-for-STM32/bin/../lib/gcc/arm-none-eabi/12.3.1/../../../../arm-none-eabi/lib/thumb/v7e-m/nofp/crt0.o (memset)
D:/STM32CubeCLT/STM32CubeCLT_1.16.0/GNU-tools-for-STM32/bin/../lib/gcc/arm-none-eabi/12.3.1/../../../../arm-none-eabi/lib/thumb/v7e-m/nofp\libg.a(libc_a-signal.o)
                              D:/STM32CubeCLT/STM32CubeCLT_1.16.0/GNU-tools-for-STM32/bin/../lib/gcc/arm-none-eabi/12.3.1/../../../../arm-none-eabi/lib/thumb/v7e-m/nofp\libg.a(libc_a-abort.o) (raise)
D:/STM32CubeCLT/STM32CubeCLT_1.16.0/GNU-tools-for-STM32/bin/../lib/gcc/arm-none-eabi/12.3.1/../../../../arm-none-eabi/lib/thumb/v7e-m/nofp\libg.a(libc_a-closer.o)
                              D:/STM32CubeCLT/STM32CubeCLT_1.16.0/GNU-tools-for-STM32/bin/../lib/gcc/arm-none-eabi/12.3.1/../../../../arm-none-eabi/lib/thumb/v7e-m/nofp\libg.a(libc_a-stdio.o) (_close_r)
D:/STM32CubeCLT/STM32CubeCLT_1.16.0/GNU-tools-for-STM32/bin/../lib/gcc/arm-none-eabi/12.3.1/../../../../arm-none-eabi/lib/thumb/v7e-m/nofp\libg.a(libc_a-reent.o)
[...]
Memory Configuration

Name             Origin             Length             Attributes
CCMRAM           0x10000000         0x00010000         xrw
RAM              0x20000000         0x00030000         xrw
FLASH            0x08000000         0x00200000         xr
*default*        0x00000000         0xffffffff

Linker script and memory map

LOAD D:/STM32CubeCLT/STM32CubeCLT_1.16.0/GNU-tools-for-STM32/bin/../lib/gcc/arm-none-eabi/12.3.1/thumb/v7e-m/nofp/crti.o
LOAD D:/STM32CubeCLT/STM32CubeCLT_1.16.0/GNU-tools-for-STM32/bin/../lib/gcc/arm-none-eabi/12.3.1/thumb/v7e-m/nofp/crtbegin.o
LOAD D:/STM32CubeCLT/STM32CubeCLT_1.16.0/GNU-tools-for-STM32/bin/../lib/gcc/arm-none-eabi/12.3.1/../../../../arm-none-eabi/lib/thumb/v7e-m/nofp/crt0.o
LOAD CMakeFiles/LED_2_PWM.elf.dir/Core/Src/exit_callback.cpp.obj
LOAD CMakeFiles/LED_2_PWM.elf.dir/Core/Src/gpio.c.obj
LOAD CMakeFiles/LED_2_PWM.elf.dir/Core/Src/main.c.obj
LOAD CMakeFiles/LED_2_PWM.elf.dir/Core/Src/stm32f4xx_hal_msp.c.obj
LOAD CMakeFiles/LED_2_PWM.elf.dir/Core/Src/stm32f4xx_it.c.obj
LOAD CMakeFiles/LED_2_PWM.elf.dir/Core/Src/syscalls.c.obj
LOAD CMakeFiles/LED_2_PWM.elf.dir/Core/Src/sysmem.c.obj
LOAD CMakeFiles/LED_2_PWM.elf.dir/Core/Src/system_stm32f4xx.c.obj
LOAD CMakeFiles/LED_2_PWM.elf.dir/Core/Src/tim.c.obj
LOAD CMakeFiles/LED_2_PWM.elf.dir/Core/Startup/startup_stm32f427iihx.s.obj
LOAD CMakeFiles/LED_2_PWM.elf.dir/Drivers/STM32F4xx_HAL_Driver/Src/stm32f4xx_hal.c.obj
LOAD CMakeFiles/LED_2_PWM.elf.dir/Drivers/STM32F4xx_HAL_Driver/Src/stm32f4xx_hal_cortex.c.obj
LOAD CMakeFiles/LED_2_PWM.elf.dir/Drivers/STM32F4xx_HAL_Driver/Src/stm32f4xx_hal_dma.c.obj
LOAD CMakeFiles/LED_2_PWM.elf.dir/Drivers/STM32F4xx_HAL_Driver/Src/stm32f4xx_hal_dma_ex.c.obj
LOAD CMakeFiles/LED_2_PWM.elf.dir/Drivers/STM32F4xx_HAL_Driver/Src/stm32f4xx_hal_exti.c.obj
LOAD CMakeFiles/LED_2_PWM.elf.dir/Drivers/STM32F4xx_HAL_Driver/Src/stm32f4xx_hal_flash.c.obj
LOAD CMakeFiles/LED_2_PWM.elf.dir/Drivers/STM32F4xx_HAL_Driver/Src/stm32f4xx_hal_flash_ex.c.obj
LOAD CMakeFiles/LED_2_PWM.elf.dir/Drivers/STM32F4xx_HAL_Driver/Src/stm32f4xx_hal_flash_ramfunc.c.obj
LOAD CMakeFiles/LED_2_PWM.elf.dir/Drivers/STM32F4xx_HAL_Driver/Src/stm32f4xx_hal_gpio.c.obj
LOAD CMakeFiles/LED_2_PWM.elf.dir/Drivers/STM32F4xx_HAL_Driver/Src/stm32f4xx_hal_pwr.c.obj
LOAD CMakeFiles/LED_2_PWM.elf.dir/Drivers/STM32F4xx_HAL_Driver/Src/stm32f4xx_hal_pwr_ex.c.obj
LOAD CMakeFiles/LED_2_PWM.elf.dir/Drivers/STM32F4xx_HAL_Driver/Src/stm32f4xx_hal_rcc.c.obj
LOAD CMakeFiles/LED_2_PWM.elf.dir/Drivers/STM32F4xx_HAL_Driver/Src/stm32f4xx_hal_rcc_ex.c.obj
LOAD CMakeFiles/LED_2_PWM.elf.dir/Drivers/STM32F4xx_HAL_Driver/Src/stm32f4xx_hal_tim.c.obj
LOAD CMakeFiles/LED_2_PWM.elf.dir/Drivers/STM32F4xx_HAL_Driver/Src/stm32f4xx_hal_tim_ex.c.obj
LOAD D:/STM32CubeCLT/STM32CubeCLT_1.16.0/GNU-tools-for-STM32/bin/../lib/gcc/arm-none-eabi/12.3.1/../../../../arm-none-eabi/lib/thumb/v7e-m/nofp\libstdc++.a
LOAD D:/STM32CubeCLT/STM32CubeCLT_1.16.0/GNU-tools-for-STM32/bin/../lib/gcc/arm-none-eabi/12.3.1/../../../../arm-none-eabi/lib/thumb/v7e-m/nofp\libm.a
START GROUP
LOAD D:/STM32CubeCLT/STM32CubeCLT_1.16.0/GNU-tools-for-STM32/bin/../lib/gcc/arm-none-eabi/12.3.1/thumb/v7e-m/nofp\libgcc.a
LOAD D:/STM32CubeCLT/STM32CubeCLT_1.16.0/GNU-tools-for-STM32/bin/../lib/gcc/arm-none-eabi/12.3.1/../../../../arm-none-eabi/lib/thumb/v7e-m/nofp\libg.a
LOAD D:/STM32CubeCLT/STM32CubeCLT_1.16.0/GNU-tools-for-STM32/bin/../lib/gcc/arm-none-eabi/12.3.1/../../../../arm-none-eabi/lib/thumb/v7e-m/nofp\libc.a
END GROUP
LOAD D:/STM32CubeCLT/STM32CubeCLT_1.16.0/GNU-tools-for-STM32/bin/../lib/gcc/arm-none-eabi/12.3.1/thumb/v7e-m/nofp/crtend.o
LOAD D:/STM32CubeCLT/STM32CubeCLT_1.16.0/GNU-tools-for-STM32/bin/../lib/gcc/arm-none-eabi/12.3.1/thumb/v7e-m/nofp/crtn.o
                0x20030000                        _estack = (ORIGIN (RAM) + LENGTH (RAM))
                0x00000200                        _Min_Heap_Size = 0x200
                0x00000400                        _Min_Stack_Size = 0x400

.isr_vector     0x08000000      0x1ac
                0x08000000                        . = ALIGN (0x4)
 *(.isr_vector)
 .isr_vector    0x08000000      0x1ac CMakeFiles/LED_2_PWM.elf.dir/Core/Startup/startup_stm32f427iihx.s.obj
                0x08000000                g_pfnVectors
                0x080001ac                        . = ALIGN (0x4)

.text           0x080001ac     0x2df4
                0x080001ac                        . = ALIGN (0x4)
 *(.text)
 .text          0x080001ac       0x40 D:/STM32CubeCLT/STM32CubeCLT_1.16.0/GNU-tools-for-STM32/bin/../lib/gcc/arm-none-eabi/12.3.1/thumb/v7e-m/nofp/crtbegin.o
 .text          0x080001ec       0x30 D:/STM32CubeCLT/STM32CubeCLT_1.16.0/GNU-tools-for-STM32/bin/../lib/gcc/arm-none-eabi/12.3.1/thumb/v7e-m/nofp\libgcc.a(_aeabi_uldivmod.o)
                0x080001ec                __aeabi_uldivmod
 .text          0x0800021c      0x2bc D:/STM32CubeCLT/STM32CubeCLT_1.16.0/GNU-tools-for-STM32/bin/../lib/gcc/arm-none-eabi/12.3.1/thumb/v7e-m/nofp\libgcc.a(_udivmoddi4.o)
                0x0800021c                __udivmoddi4
 .text          0x080004d8      0x9f4 D:/STM32CubeCLT/STM32CubeCLT_1.16.0/GNU-tools-for-STM32/bin/../lib/gcc/arm-none-eabi/12.3.1/thumb/v7e-m/nofp\libgcc.a(unwind-arm.o)
                0x08000788                _Unwind_GetCFA
                0x0800078c                __gnu_Unwind_RaiseException
                0x080007f4                __gnu_Unwind_ForcedUnwind
                0x08000804                __gnu_Unwind_Resume
                0x08000848                __gnu_Unwind_Resume_or_Rethrow
                0x08000858                _Unwind_Complete
                0x0800085c                _Unwind_DeleteException
                0x08000868                _Unwind_VRS_Get
                0x080008b4                _Unwind_VRS_Set
                0x080008fc                __gnu_Unwind_Backtrace
                0x08000c18                __aeabi_unwind_cpp_pr0
                0x08000c1c                __aeabi_unwind_cpp_pr1
                0x08000c20                __aeabi_unwind_cpp_pr2
                0x08000c24                _Unwind_VRS_Pop
 .text          0x08000ecc      0x1ac D:/STM32CubeCLT/STM32CubeCLT_1.16.0/GNU-tools-for-STM32/bin/../lib/gcc/arm-none-eabi/12.3.1/thumb/v7e-m/nofp\libgcc.a(libunwind.o)
                0x08000ecc                __restore_core_regs
                0x08000ecc                restore_core_regs
                0x08000ee4                __gnu_Unwind_Restore_VFP
                0x08000eec                __gnu_Unwind_Save_VFP
                0x08000ef4                __gnu_Unwind_Restore_VFP_D
                0x08000efc                __gnu_Unwind_Save_VFP_D
                0x08000f04                __gnu_Unwind_Restore_VFP_D_16_to_31
                0x08000f0c                __gnu_Unwind_Save_VFP_D_16_to_31
                0x08000f14                __gnu_Unwind_Restore_WMMXD
                0x08000f58                __gnu_Unwind_Save_WMMXD
                0x08000f9c                __gnu_Unwind_Restore_WMMXC
                0x08000fb0                __gnu_Unwind_Save_WMMXC
                0x08000fc4                ___Unwind_RaiseException
                0x08000fc4                _Unwind_RaiseException
                0x08000fe8                _Unwind_Resume
                0x08000fe8                ___Unwind_Resume
                0x0800100c                _Unwind_Resume_or_Rethrow
                0x0800100c                ___Unwind_Resume_or_Rethrow
                0x08001030                _Unwind_ForcedUnwind
                0x08001030                ___Unwind_ForcedUnwind
                0x08001054                ___Unwind_Backtrace
                0x08001054                _Unwind_Backtrace
 .text          0x08001078      0x378 D:/STM32CubeCLT/STM32CubeCLT_1.16.0/GNU-tools-for-STM32/bin/../lib/gcc/arm-none-eabi/12.3.1/thumb/v7e-m/nofp\libgcc.a(pr-support.o)
                0x080010d0                __gnu_unwind_execute
                0x080013a4                __gnu_unwind_frame
                0x080013d0                _Unwind_GetRegionStart
                0x080013dc                _Unwind_GetLanguageSpecificData
 .text          0x080013f0        0x4 D:/STM32CubeCLT/STM32CubeCLT_1.16.0/GNU-tools-for-STM32/bin/../lib/gcc/arm-none-eabi/12.3.1/thumb/v7e-m/nofp\libgcc.a(_dvmd_tls.o)
                0x080013f0                __aeabi_idiv0
                0x080013f0                __aeabi_ldiv0
 *(.text*)
 .text.HAL_GPIO_EXTI_Callback
                0x080013f4       0x44 CMakeFiles/LED_2_PWM.elf.dir/Core/Src/exit_callback.cpp.obj
                0x080013f4                HAL_GPIO_EXTI_Callback
 .text.MX_GPIO_Init
                0x08001438       0xd0 CMakeFiles/LED_2_PWM.elf.dir/Core/Src/gpio.c.obj
                0x08001438                MX_GPIO_Init
 .text.Error_Handler
                0x08001508        0x4 CMakeFiles/LED_2_PWM.elf.dir/Core/Src/main.c.obj
                0x08001508                Error_Handler
 .text.SystemClock_Config
                0x0800150c       0xac CMakeFiles/LED_2_PWM.elf.dir/Core/Src/main.c.obj
                0x0800150c                SystemClock_Config
 .text.main     0x080015b8       0x24 CMakeFiles/LED_2_PWM.elf.dir/Core/Src/main.c.obj
                0x080015b8                main
 .text.HAL_MspInit
                0x080015dc       0x38 CMakeFiles/LED_2_PWM.elf.dir/Core/Src/stm32f4xx_hal_msp.c.obj
                0x080015dc                HAL_MspInit
 .text.NMI_Handler
                0x08001614        0x2 CMakeFiles/LED_2_PWM.elf.dir/Core/Src/stm32f4xx_it.c.obj
                0x08001614                NMI_Handler
 .text.HardFault_Handler
                0x08001616        0x2 CMakeFiles/LED_2_PWM.elf.dir/Core/Src/stm32f4xx_it.c.obj
                0x08001616                HardFault_Handler
 .text.MemManage_Handler
                0x08001618        0x2 CMakeFiles/LED_2_PWM.elf.dir/Core/Src/stm32f4xx_it.c.obj
                0x08001618                MemManage_Handler
 .text.BusFault_Handler
                0x0800161a        0x2 CMakeFiles/LED_2_PWM.elf.dir/Core/Src/stm32f4xx_it.c.obj
                0x0800161a                BusFault_Handler
 .text.UsageFault_Handler
                0x0800161c        0x2 CMakeFiles/LED_2_PWM.elf.dir/Core/Src/stm32f4xx_it.c.obj
                0x0800161c                UsageFault_Handler
 .text.SVC_Handler
                0x0800161e        0x2 CMakeFiles/LED_2_PWM.elf.dir/Core/Src/stm32f4xx_it.c.obj
                0x0800161e                SVC_Handler
 .text.DebugMon_Handler
                0x08001620        0x2 CMakeFiles/LED_2_PWM.elf.dir/Core/Src/stm32f4xx_it.c.obj
                0x08001620                DebugMon_Handler
 .text.PendSV_Handler
                0x08001622        0x2 CMakeFiles/LED_2_PWM.elf.dir/Core/Src/stm32f4xx_it.c.obj
                0x08001622                PendSV_Handler
 .text.SysTick_Handler
                0x08001624        0x8 CMakeFiles/LED_2_PWM.elf.dir/Core/Src/stm32f4xx_it.c.obj
                0x08001624                SysTick_Handler
 .text.EXTI2_IRQHandler
                0x0800162c        0xa CMakeFiles/LED_2_PWM.elf.dir/Core/Src/stm32f4xx_it.c.obj
                0x0800162c                EXTI2_IRQHandler
 *fill*         0x08001636        0x2 
 .text.TIM1_UP_TIM10_IRQHandler
                0x08001638       0x10 CMakeFiles/LED_2_PWM.elf.dir/Core/Src/stm32f4xx_it.c.obj
                0x08001638                TIM1_UP_TIM10_IRQHandler
 .text.TIM8_UP_TIM13_IRQHandler
                0x08001648       0x10 CMakeFiles/LED_2_PWM.elf.dir/Core/Src/stm32f4xx_it.c.obj
                0x08001648                TIM8_UP_TIM13_IRQHandler
 .text._getpid  0x08001658        0x4 CMakeFiles/LED_2_PWM.elf.dir/Core/Src/syscalls.c.obj
                0x08001658                _getpid
 .text._kill    0x0800165c       0x10 CMakeFiles/LED_2_PWM.elf.dir/Core/Src/syscalls.c.obj
                0x0800165c                _kill
 .text._exit    0x0800166c        0xc CMakeFiles/LED_2_PWM.elf.dir/Core/Src/syscalls.c.obj
                0x0800166c                _exit
 .text.SystemInit
                0x08001678        0x2 CMakeFiles/LED_2_PWM.elf.dir/Core/Src/system_stm32f4xx.c.obj
                0x08001678                SystemInit
 *fill*         0x0800167a        0x2 
 .text.MX_TIM8_Init
                0x0800167c       0x74 CMakeFiles/LED_2_PWM.elf.dir/Core/Src/tim.c.obj
                0x0800167c                MX_TIM8_Init
 .text.HAL_TIM_Base_MspInit
                0x080016f0       0x74 CMakeFiles/LED_2_PWM.elf.dir/Core/Src/tim.c.obj
                0x080016f0                HAL_TIM_Base_MspInit
 .text.HAL_TIM_MspPostInit
                0x08001764       0x5c CMakeFiles/LED_2_PWM.elf.dir/Core/Src/tim.c.obj
                0x08001764                HAL_TIM_MspPostInit
 .text.MX_TIM1_Init
                0x080017c0       0xf0 CMakeFiles/LED_2_PWM.elf.dir/Core/Src/tim.c.obj
                0x080017c0                MX_TIM1_Init
 .text.Reset_Handler
                0x080018b0       0x50 CMakeFiles/LED_2_PWM.elf.dir/Core/Startup/startup_stm32f427iihx.s.obj
                0x080018b0                Reset_Handler
 .text.Default_Handler
                0x08001900        0x2 CMakeFiles/LED_2_PWM.elf.dir/Core/Startup/startup_stm32f427iihx.s.obj
                0x08001900                RTC_Alarm_IRQHandler
                0x08001900                HASH_RNG_IRQHandler
                0x08001900                TIM8_CC_IRQHandler
                0x08001900                UART8_IRQHandler
                0x08001900                SPI4_IRQHandler
                0x08001900                TIM1_CC_IRQHandler
                0x08001900                DMA2_Stream5_IRQHandler
                0x08001900                DMA1_Stream5_IRQHandler
                0x08001900                PVD_IRQHandler
                0x08001900                SDIO_IRQHandler
                0x08001900                TAMP_STAMP_IRQHandler
                0x08001900                CAN2_RX1_IRQHandler
                0x08001900                EXTI3_IRQHandler
                0x08001900                TIM8_TRG_COM_TIM14_IRQHandler
                0x08001900                I2C3_ER_IRQHandler
                0x08001900                EXTI0_IRQHandler
                0x08001900                I2C2_EV_IRQHandler
                0x08001900                DMA1_Stream2_IRQHandler
                0x08001900                CAN1_RX0_IRQHandler
                0x08001900                FPU_IRQHandler
                0x08001900                OTG_HS_WKUP_IRQHandler
                0x08001900                CAN2_SCE_IRQHandler
                0x08001900                DMA2_Stream2_IRQHandler
                0x08001900                SPI1_IRQHandler
                0x08001900                TIM6_DAC_IRQHandler
                0x08001900                TIM1_BRK_TIM9_IRQHandler
                0x08001900                DCMI_IRQHandler
                0x08001900                CAN2_RX0_IRQHandler
                0x08001900                DMA2_Stream3_IRQHandler
                0x08001900                USART6_IRQHandler
                0x08001900                USART3_IRQHandler
                0x08001900                CAN1_RX1_IRQHandler
                0x08001900                UART5_IRQHandler
                0x08001900                DMA2_Stream0_IRQHandler
                0x08001900                TIM4_IRQHandler
                0x08001900                I2C1_EV_IRQHandler
                0x08001900                DMA1_Stream6_IRQHandler
                0x08001900                DMA1_Stream1_IRQHandler
                0x08001900                UART4_IRQHandler
                0x08001900                TIM3_IRQHandler
                0x08001900                RCC_IRQHandler
                0x08001900                TIM8_BRK_TIM12_IRQHandler
                0x08001900                Default_Handler
                0x08001900                EXTI15_10_IRQHandler
                0x08001900                ADC_IRQHandler
                0x08001900                DMA1_Stream7_IRQHandler
                0x08001900                SPI5_IRQHandler
                0x08001900                TIM7_IRQHandler
                0x08001900                CAN2_TX_IRQHandler
                0x08001900                TIM5_IRQHandler
                0x08001900                DMA2_Stream7_IRQHandler
                0x08001900                I2C3_EV_IRQHandler
                0x08001900                EXTI9_5_IRQHandler
                0x08001900                RTC_WKUP_IRQHandler
                0x08001900                ETH_WKUP_IRQHandler
                0x08001900                SPI2_IRQHandler
                0x08001900                OTG_HS_EP1_IN_IRQHandler
                0x08001900                DMA1_Stream0_IRQHandler
                0x08001900                CAN1_TX_IRQHandler
                0x08001900                EXTI4_IRQHandler
                0x08001900                ETH_IRQHandler
                0x08001900                OTG_HS_EP1_OUT_IRQHandler
                0x08001900                WWDG_IRQHandler
                0x08001900                SPI6_IRQHandler
                0x08001900                TIM2_IRQHandler
                0x08001900                OTG_FS_WKUP_IRQHandler
                0x08001900                TIM1_TRG_COM_TIM11_IRQHandler
                0x08001900                OTG_HS_IRQHandler
                0x08001900                DMA2D_IRQHandler
                0x08001900                EXTI1_IRQHandler
                0x08001900                UART7_IRQHandler
                0x08001900                USART2_IRQHandler
                0x08001900                I2C2_ER_IRQHandler
                0x08001900                DMA2_Stream1_IRQHandler
                0x08001900                CAN1_SCE_IRQHandler
                0x08001900                FLASH_IRQHandler
                0x08001900                DMA2_Stream4_IRQHandler
                0x08001900                USART1_IRQHandler
                0x08001900                OTG_FS_IRQHandler
                0x08001900                SPI3_IRQHandler
                0x08001900                DMA1_Stream4_IRQHandler
                0x08001900                I2C1_ER_IRQHandler
                0x08001900                FMC_IRQHandler
                0x08001900                DMA2_Stream6_IRQHandler
                0x08001900                SAI1_IRQHandler
                0x08001900                DMA1_Stream3_IRQHandler
 *fill*         0x08001902        0x2 
 .text.HAL_InitTick
                0x08001904       0x4c CMakeFiles/LED_2_PWM.elf.dir/Drivers/STM32F4xx_HAL_Driver/Src/stm32f4xx_hal.c.obj
                0x08001904                HAL_InitTick
 .text.HAL_Init
                0x08001950       0x34 CMakeFiles/LED_2_PWM.elf.dir/Drivers/STM32F4xx_HAL_Driver/Src/stm32f4xx_hal.c.obj
                0x08001950                HAL_Init
 .text.HAL_IncTick
                0x08001984       0x18 CMakeFiles/LED_2_PWM.elf.dir/Drivers/STM32F4xx_HAL_Driver/Src/stm32f4xx_hal.c.obj
                0x08001984                HAL_IncTick
 .text.HAL_GetTick
                0x0800199c        0xc CMakeFiles/LED_2_PWM.elf.dir/Drivers/STM32F4xx_HAL_Driver/Src/stm32f4xx_hal.c.obj
                0x0800199c                HAL_GetTick
 .text.__NVIC_EnableIRQ
                0x080019a8       0x1c CMakeFiles/LED_2_PWM.elf.dir/Drivers/STM32F4xx_HAL_Driver/Src/stm32f4xx_hal_cortex.c.obj
 .text.__NVIC_SetPriority
                0x080019c4       0x28 CMakeFiles/LED_2_PWM.elf.dir/Drivers/STM32F4xx_HAL_Driver/Src/stm32f4xx_hal_cortex.c.obj
 .text.NVIC_EncodePriority
                0x080019ec       0x3e CMakeFiles/LED_2_PWM.elf.dir/Drivers/STM32F4xx_HAL_Driver/Src/stm32f4xx_hal_cortex.c.obj
 *fill*         0x08001a2a        0x2 
 .text.HAL_NVIC_SetPriorityGrouping
                0x08001a2c       0x24 CMakeFiles/LED_2_PWM.elf.dir/Drivers/STM32F4xx_HAL_Driver/Src/stm32f4xx_hal_cortex.c.obj
                0x08001a2c                HAL_NVIC_SetPriorityGrouping
 .text.HAL_NVIC_SetPriority
                0x08001a50       0x20 CMakeFiles/LED_2_PWM.elf.dir/Drivers/STM32F4xx_HAL_Driver/Src/stm32f4xx_hal_cortex.c.obj
                0x08001a50                HAL_NVIC_SetPriority
 .text.HAL_NVIC_EnableIRQ
                0x08001a70        0x8 CMakeFiles/LED_2_PWM.elf.dir/Drivers/STM32F4xx_HAL_Driver/Src/stm32f4xx_hal_cortex.c.obj
                0x08001a70                HAL_NVIC_EnableIRQ
 .text.HAL_SYSTICK_Config
                0x08001a78       0x28 CMakeFiles/LED_2_PWM.elf.dir/Drivers/STM32F4xx_HAL_Driver/Src/stm32f4xx_hal_cortex.c.obj
                0x08001a78                HAL_SYSTICK_Config
 .text.HAL_GPIO_Init
                0x08001aa0      0x20c CMakeFiles/LED_2_PWM.elf.dir/Drivers/STM32F4xx_HAL_Driver/Src/stm32f4xx_hal_gpio.c.obj
                0x08001aa0                HAL_GPIO_Init
 .text.HAL_GPIO_WritePin
                0x08001cac        0xc CMakeFiles/LED_2_PWM.elf.dir/Drivers/STM32F4xx_HAL_Driver/Src/stm32f4xx_hal_gpio.c.obj
                0x08001cac                HAL_GPIO_WritePin
 .text.HAL_GPIO_TogglePin
                0x08001cb8       0x12 CMakeFiles/LED_2_PWM.elf.dir/Drivers/STM32F4xx_HAL_Driver/Src/stm32f4xx_hal_gpio.c.obj
                0x08001cb8                HAL_GPIO_TogglePin
 *fill*         0x08001cca        0x2 
 .text.HAL_GPIO_EXTI_IRQHandler
                0x08001ccc       0x1c CMakeFiles/LED_2_PWM.elf.dir/Drivers/STM32F4xx_HAL_Driver/Src/stm32f4xx_hal_gpio.c.obj
                0x08001ccc                HAL_GPIO_EXTI_IRQHandler
 .text.HAL_RCC_OscConfig
                0x08001ce8      0x3f8 CMakeFiles/LED_2_PWM.elf.dir/Drivers/STM32F4xx_HAL_Driver/Src/stm32f4xx_hal_rcc.c.obj
                0x08001ce8                HAL_RCC_OscConfig
 .text.HAL_RCC_GetSysClockFreq
                0x080020e0       0xa8 CMakeFiles/LED_2_PWM.elf.dir/Drivers/STM32F4xx_HAL_Driver/Src/stm32f4xx_hal_rcc.c.obj
                0x080020e0                HAL_RCC_GetSysClockFreq
 .text.HAL_RCC_ClockConfig
                0x08002188      0x160 CMakeFiles/LED_2_PWM.elf.dir/Drivers/STM32F4xx_HAL_Driver/Src/stm32f4xx_hal_rcc.c.obj
                0x08002188                HAL_RCC_ClockConfig
 .text.TIM_OC1_SetConfig
                0x080022e8       0x70 CMakeFiles/LED_2_PWM.elf.dir/Drivers/STM32F4xx_HAL_Driver/Src/stm32f4xx_hal_tim.c.obj
 .text.TIM_OC3_SetConfig
                0x08002358       0x70 CMakeFiles/LED_2_PWM.elf.dir/Drivers/STM32F4xx_HAL_Driver/Src/stm32f4xx_hal_tim.c.obj
 .text.TIM_OC4_SetConfig
                0x080023c8       0x50 CMakeFiles/LED_2_PWM.elf.dir/Drivers/STM32F4xx_HAL_Driver/Src/stm32f4xx_hal_tim.c.obj
 .text.TIM_TI1_ConfigInputStage
                0x08002418       0x24 CMakeFiles/LED_2_PWM.elf.dir/Drivers/STM32F4xx_HAL_Driver/Src/stm32f4xx_hal_tim.c.obj
 .text.TIM_TI2_ConfigInputStage
                0x0800243c       0x26 CMakeFiles/LED_2_PWM.elf.dir/Drivers/STM32F4xx_HAL_Driver/Src/stm32f4xx_hal_tim.c.obj
 .text.TIM_ITRx_SetConfig
                0x08002462       0x10 CMakeFiles/LED_2_PWM.elf.dir/Drivers/STM32F4xx_HAL_Driver/Src/stm32f4xx_hal_tim.c.obj
 *fill*         0x08002472        0x2 
 .text.HAL_TIM_Base_Start_IT
                0x08002474       0x88 CMakeFiles/LED_2_PWM.elf.dir/Drivers/STM32F4xx_HAL_Driver/Src/stm32f4xx_hal_tim.c.obj
                0x08002474                HAL_TIM_Base_Start_IT
 .text.HAL_TIM_PWM_MspInit
                0x080024fc        0x2 CMakeFiles/LED_2_PWM.elf.dir/Drivers/STM32F4xx_HAL_Driver/Src/stm32f4xx_hal_tim.c.obj
                0x080024fc                HAL_TIM_PWM_MspInit
 .text.HAL_TIM_PeriodElapsedCallback
                0x080024fe        0x2 CMakeFiles/LED_2_PWM.elf.dir/Drivers/STM32F4xx_HAL_Driver/Src/stm32f4xx_hal_tim.c.obj
                0x080024fe                HAL_TIM_PeriodElapsedCallback
 .text.HAL_TIM_OC_DelayElapsedCallback
                0x08002500        0x2 CMakeFiles/LED_2_PWM.elf.dir/Drivers/STM32F4xx_HAL_Driver/Src/stm32f4xx_hal_tim.c.obj
                0x08002500                HAL_TIM_OC_DelayElapsedCallback
 .text.HAL_TIM_IC_CaptureCallback
                0x08002502        0x2 CMakeFiles/LED_2_PWM.elf.dir/Drivers/STM32F4xx_HAL_Driver/Src/stm32f4xx_hal_tim.c.obj
                0x08002502                HAL_TIM_IC_CaptureCallback
 .text.HAL_TIM_PWM_PulseFinishedCallback
                0x08002504        0x2 CMakeFiles/LED_2_PWM.elf.dir/Drivers/STM32F4xx_HAL_Driver/Src/stm32f4xx_hal_tim.c.obj
                0x08002504                HAL_TIM_PWM_PulseFinishedCallback
 .text.HAL_TIM_TriggerCallback
                0x08002506        0x2 CMakeFiles/LED_2_PWM.elf.dir/Drivers/STM32F4xx_HAL_Driver/Src/stm32f4xx_hal_tim.c.obj
                0x08002506                HAL_TIM_TriggerCallback
 .text.HAL_TIM_IRQHandler
                0x08002508      0x15e CMakeFiles/LED_2_PWM.elf.dir/Drivers/STM32F4xx_HAL_Driver/Src/stm32f4xx_hal_tim.c.obj
                0x08002508                HAL_TIM_IRQHandler
 *fill*         0x08002666        0x2 
 .text.TIM_Base_SetConfig
                0x08002668       0xd8 CMakeFiles/LED_2_PWM.elf.dir/Drivers/STM32F4xx_HAL_Driver/Src/stm32f4xx_hal_tim.c.obj
                0x08002668                TIM_Base_SetConfig
 .text.HAL_TIM_Base_Init
                0x08002740       0x58 CMakeFiles/LED_2_PWM.elf.dir/Drivers/STM32F4xx_HAL_Driver/Src/stm32f4xx_hal_tim.c.obj
                0x08002740                HAL_TIM_Base_Init
 .text.HAL_TIM_PWM_Init
                0x08002798       0x58 CMakeFiles/LED_2_PWM.elf.dir/Drivers/STM32F4xx_HAL_Driver/Src/stm32f4xx_hal_tim.c.obj
                0x08002798                HAL_TIM_PWM_Init
 .text.TIM_OC2_SetConfig
                0x080027f0       0x70 CMakeFiles/LED_2_PWM.elf.dir/Drivers/STM32F4xx_HAL_Driver/Src/stm32f4xx_hal_tim.c.obj
                0x080027f0                TIM_OC2_SetConfig
 .text.HAL_TIM_PWM_ConfigChannel
                0x08002860       0xdc CMakeFiles/LED_2_PWM.elf.dir/Drivers/STM32F4xx_HAL_Driver/Src/stm32f4xx_hal_tim.c.obj
                0x08002860                HAL_TIM_PWM_ConfigChannel
 .text.TIM_ETR_SetConfig
                0x0800293c       0x18 CMakeFiles/LED_2_PWM.elf.dir/Drivers/STM32F4xx_HAL_Driver/Src/stm32f4xx_hal_tim.c.obj
                0x0800293c                TIM_ETR_SetConfig
 .text.HAL_TIM_ConfigClockSource
                0x08002954       0xfe CMakeFiles/LED_2_PWM.elf.dir/Drivers/STM32F4xx_HAL_Driver/Src/stm32f4xx_hal_tim.c.obj
                0x08002954                HAL_TIM_ConfigClockSource
 .text.TIM_CCxChannelCmd
                0x08002a52       0x1e CMakeFiles/LED_2_PWM.elf.dir/Drivers/STM32F4xx_HAL_Driver/Src/stm32f4xx_hal_tim.c.obj
                0x08002a52                TIM_CCxChannelCmd
 .text.HAL_TIM_PWM_Start_IT
                0x08002a70      0x174 CMakeFiles/LED_2_PWM.elf.dir/Drivers/STM32F4xx_HAL_Driver/Src/stm32f4xx_hal_tim.c.obj
                0x08002a70                HAL_TIM_PWM_Start_IT
 .text.HAL_TIM_PWM_Stop_IT
                0x08002be4       0xdc CMakeFiles/LED_2_PWM.elf.dir/Drivers/STM32F4xx_HAL_Driver/Src/stm32f4xx_hal_tim.c.obj
                0x08002be4                HAL_TIM_PWM_Stop_IT
 .text.HAL_TIMEx_MasterConfigSynchronization
                0x08002cc0       0x8c CMakeFiles/LED_2_PWM.elf.dir/Drivers/STM32F4xx_HAL_Driver/Src/stm32f4xx_hal_tim_ex.c.obj
                0x08002cc0                HAL_TIMEx_MasterConfigSynchronization
 .text.HAL_TIMEx_ConfigBreakDeadTime
                0x08002d4c       0x52 CMakeFiles/LED_2_PWM.elf.dir/Drivers/STM32F4xx_HAL_Driver/Src/stm32f4xx_hal_tim_ex.c.obj
                0x08002d4c                HAL_TIMEx_ConfigBreakDeadTime
 .text.HAL_TIMEx_CommutCallback
                0x08002d9e        0x2 CMakeFiles/LED_2_PWM.elf.dir/Drivers/STM32F4xx_HAL_Driver/Src/stm32f4xx_hal_tim_ex.c.obj
                0x08002d9e                HAL_TIMEx_CommutCallback
 .text.HAL_TIMEx_BreakCallback
                0x08002da0        0x2 CMakeFiles/LED_2_PWM.elf.dir/Drivers/STM32F4xx_HAL_Driver/Src/stm32f4xx_hal_tim_ex.c.obj
                0x08002da0                HAL_TIMEx_BreakCallback
 .text.abort    0x08002da2        0xe D:/STM32CubeCLT/STM32CubeCLT_1.16.0/GNU-tools-for-STM32/bin/../lib/gcc/arm-none-eabi/12.3.1/../../../../arm-none-eabi/lib/thumb/v7e-m/nofp\libg.a(libc_a-abort.o)
                0x08002da2                abort
 .text.memset   0x08002db0       0x10 D:/STM32CubeCLT/STM32CubeCLT_1.16.0/GNU-tools-for-STM32/bin/../lib/gcc/arm-none-eabi/12.3.1/../../../../arm-none-eabi/lib/thumb/v7e-m/nofp\libg.a(libc_a-memset.o)
                0x08002db0                memset
 .text._raise_r
                0x08002dc0       0x52 D:/STM32CubeCLT/STM32CubeCLT_1.16.0/GNU-tools-for-STM32/bin/../lib/gcc/arm-none-eabi/12.3.1/../../../../arm-none-eabi/lib/thumb/v7e-m/nofp\libg.a(libc_a-signal.o)
                0x08002dc0                _raise_r
 *fill*         0x08002e12        0x2 
 .text.raise    0x08002e14       0x10 D:/STM32CubeCLT/STM32CubeCLT_1.16.0/GNU-tools-for-STM32/bin/../lib/gcc/arm-none-eabi/12.3.1/../../../../arm-none-eabi/lib/thumb/v7e-m/nofp\libg.a(libc_a-signal.o)
                0x08002e14                raise
 .text._kill_r  0x08002e24       0x24 D:/STM32CubeCLT/STM32CubeCLT_1.16.0/GNU-tools-for-STM32/bin/../lib/gcc/arm-none-eabi/12.3.1/../../../../arm-none-eabi/lib/thumb/v7e-m/nofp\libg.a(libc_a-signalr.o)
                0x08002e24                _kill_r
 .text._getpid_r
                0x08002e48        0x4 D:/STM32CubeCLT/STM32CubeCLT_1.16.0/GNU-tools-for-STM32/bin/../lib/gcc/arm-none-eabi/12.3.1/../../../../arm-none-eabi/lib/thumb/v7e-m/nofp\libg.a(libc_a-signalr.o)
                0x08002e48                _getpid_r
 .text.__errno  0x08002e4c        0xc D:/STM32CubeCLT/STM32CubeCLT_1.16.0/GNU-tools-for-STM32/bin/../lib/gcc/arm-none-eabi/12.3.1/../../../../arm-none-eabi/lib/thumb/v7e-m/nofp\libg.a(libc_a-errno.o)
                0x08002e4c                __errno
 .text.__libc_init_array
                0x08002e58       0x48 D:/STM32CubeCLT/STM32CubeCLT_1.16.0/GNU-tools-for-STM32/bin/../lib/gcc/arm-none-eabi/12.3.1/../../../../arm-none-eabi/lib/thumb/v7e-m/nofp\libg.a(libc_a-init.o)
                0x08002e58                __libc_init_array
 .text.__retarget_lock_acquire_recursive
                0x08002ea0        0x2 D:/STM32CubeCLT/STM32CubeCLT_1.16.0/GNU-tools-for-STM32/bin/../lib/gcc/arm-none-eabi/12.3.1/../../../../arm-none-eabi/lib/thumb/v7e-m/nofp\libg.a(libc_a-lock.o)
                0x08002ea0                __retarget_lock_acquire_recursive
 .text.__retarget_lock_release_recursive
                0x08002ea2        0x2 D:/STM32CubeCLT/STM32CubeCLT_1.16.0/GNU-tools-for-STM32/bin/../lib/gcc/arm-none-eabi/12.3.1/../../../../arm-none-eabi/lib/thumb/v7e-m/nofp\libg.a(libc_a-lock.o)
                0x08002ea2                __retarget_lock_release_recursive
 .text.memcpy   0x08002ea4       0x1c D:/STM32CubeCLT/STM32CubeCLT_1.16.0/GNU-tools-for-STM32/bin/../lib/gcc/arm-none-eabi/12.3.1/../../../../arm-none-eabi/lib/thumb/v7e-m/nofp\libg.a(libc_a-memcpy-stub.o)
                0x08002ea4                memcpy
 .text.startup.register_fini
                0x08002ec0       0x14 D:/STM32CubeCLT/STM32CubeCLT_1.16.0/GNU-tools-for-STM32/bin/../lib/gcc/arm-none-eabi/12.3.1/../../../../arm-none-eabi/lib/thumb/v7e-m/nofp\libg.a(libc_a-__call_atexit.o)
 .text.atexit   0x08002ed4        0xc D:/STM32CubeCLT/STM32CubeCLT_1.16.0/GNU-tools-for-STM32/bin/../lib/gcc/arm-none-eabi/12.3.1/../../../../arm-none-eabi/lib/thumb/v7e-m/nofp\libg.a(libc_a-atexit.o)
                0x08002ed4                atexit
 .text.__libc_fini_array
                0x08002ee0       0x28 D:/STM32CubeCLT/STM32CubeCLT_1.16.0/GNU-tools-for-STM32/bin/../lib/gcc/arm-none-eabi/12.3.1/../../../../arm-none-eabi/lib/thumb/v7e-m/nofp\libg.a(libc_a-fini.o)
                0x08002ee0                __libc_fini_array
 .text.__register_exitproc
                0x08002f08       0x80 D:/STM32CubeCLT/STM32CubeCLT_1.16.0/GNU-tools-for-STM32/bin/../lib/gcc/arm-none-eabi/12.3.1/../../../../arm-none-eabi/lib/thumb/v7e-m/nofp\libg.a(libc_a-__atexit.o)
                0x08002f08                __register_exitproc
 *(.glue_7)
 .glue_7        0x08002f88        0x0 linker stubs
 *(.glue_7t)
 .glue_7t       0x08002f88        0x0 linker stubs
 *(.eh_frame)
 .eh_frame      0x08002f88        0x0 D:/STM32CubeCLT/STM32CubeCLT_1.16.0/GNU-tools-for-STM32/bin/../lib/gcc/arm-none-eabi/12.3.1/thumb/v7e-m/nofp/crtbegin.o
 *(.init)
 .init          0x08002f88        0x4 D:/STM32CubeCLT/STM32CubeCLT_1.16.0/GNU-tools-for-STM32/bin/../lib/gcc/arm-none-eabi/12.3.1/thumb/v7e-m/nofp/crti.o
                0x08002f88                _init
 .init          0x08002f8c        0x8 D:/STM32CubeCLT/STM32CubeCLT_1.16.0/GNU-tools-for-STM32/bin/../lib/gcc/arm-none-eabi/12.3.1/thumb/v7e-m/nofp/crtn.o
 *(.fini)
 .fini          0x08002f94        0x4 D:/STM32CubeCLT/STM32CubeCLT_1.16.0/GNU-tools-for-STM32/bin/../lib/gcc/arm-none-eabi/12.3.1/thumb/v7e-m/nofp/crti.o
                0x08002f94                _fini
 .fini          0x08002f98        0x8 D:/STM32CubeCLT/STM32CubeCLT_1.16.0/GNU-tools-for-STM32/bin/../lib/gcc/arm-none-eabi/12.3.1/thumb/v7e-m/nofp/crtn.o
                0x08002fa0                        . = ALIGN (0x4)
                0x08002fa0                        _etext = .

.vfp11_veneer   0x08002fa0        0x0
 .vfp11_veneer  0x08002fa0        0x0 linker stubs

.v4_bx          0x08002fa0        0x0
 .v4_bx         0x08002fa0        0x0 linker stubs

.iplt           0x08002fa0        0x0
 .iplt          0x08002fa0        0x0 D:/STM32CubeCLT/STM32CubeCLT_1.16.0/GNU-tools-for-STM32/bin/../lib/gcc/arm-none-eabi/12.3.1/thumb/v7e-m/nofp/crtbegin.o

.rodata         0x08002fa0       0x10
                0x08002fa0                        . = ALIGN (0x4)
 *(.rodata)
 *(.rodata*)
 .rodata.AHBPrescTable
                0x08002fa0       0x10 CMakeFiles/LED_2_PWM.elf.dir/Core/Src/system_stm32f4xx.c.obj
                0x08002fa0                AHBPrescTable
                0x08002fb0                        . = ALIGN (0x4)

.ARM.extab      0x08002fb0       0x24
                0x08002fb0                        . = ALIGN (0x4)
 *(.ARM.extab* .gnu.linkonce.armextab.*)
 .ARM.extab.text.HAL_GPIO_EXTI_Callback
                0x08002fb0        0xc CMakeFiles/LED_2_PWM.elf.dir/Core/Src/exit_callback.cpp.obj
 .ARM.extab     0x08002fbc       0x18 D:/STM32CubeCLT/STM32CubeCLT_1.16.0/GNU-tools-for-STM32/bin/../lib/gcc/arm-none-eabi/12.3.1/thumb/v7e-m/nofp\libgcc.a(pr-support.o)
                0x08002fd4                        . = ALIGN (0x4)

.ARM            0x08002fd4       0xc8
                0x08002fd4                        . = ALIGN (0x4)
                0x08002fd4                        __exidx_start = .
 *(.ARM.exidx*)
 .ARM.exidx     0x08002fd4        0x8 D:/STM32CubeCLT/STM32CubeCLT_1.16.0/GNU-tools-for-STM32/bin/../lib/gcc/arm-none-eabi/12.3.1/thumb/v7e-m/nofp\libgcc.a(_udivmoddi4.o)
 .ARM.exidx     0x08002fdc       0x78 D:/STM32CubeCLT/STM32CubeCLT_1.16.0/GNU-tools-for-STM32/bin/../lib/gcc/arm-none-eabi/12.3.1/thumb/v7e-m/nofp\libgcc.a(unwind-arm.o)
                                 0xd8 (size before relaxing)
 .ARM.exidx     0x08003054       0x38 D:/STM32CubeCLT/STM32CubeCLT_1.16.0/GNU-tools-for-STM32/bin/../lib/gcc/arm-none-eabi/12.3.1/thumb/v7e-m/nofp\libgcc.a(pr-support.o)
 .ARM.exidx.text.HAL_GPIO_EXTI_Callback
                0x0800308c       0x10 CMakeFiles/LED_2_PWM.elf.dir/Core/Src/exit_callback.cpp.obj
                                  0x8 (size before relaxing)
                0x0800309c                        __exidx_end = .
                0x0800309c                        . = ALIGN (0x4)

.preinit_array  0x0800309c        0x0
                0x0800309c                        . = ALIGN (0x4)
                0x0800309c                        PROVIDE (__preinit_array_start = .)
 *(.preinit_array*)
                0x0800309c                        PROVIDE (__preinit_array_end = .)
                0x0800309c                        . = ALIGN (0x4)

.init_array     0x0800309c        0x8
                0x0800309c                        . = ALIGN (0x4)
                0x0800309c                        PROVIDE (__init_array_start = .)
 *(SORT_BY_NAME(.init_array.*))
 .init_array.00000
                0x0800309c        0x4 D:/STM32CubeCLT/STM32CubeCLT_1.16.0/GNU-tools-for-STM32/bin/../lib/gcc/arm-none-eabi/12.3.1/../../../../arm-none-eabi/lib/thumb/v7e-m/nofp\libg.a(libc_a-__call_atexit.o)
 *(.init_array*)
 .init_array    0x080030a0        0x4 D:/STM32CubeCLT/STM32CubeCLT_1.16.0/GNU-tools-for-STM32/bin/../lib/gcc/arm-none-eabi/12.3.1/thumb/v7e-m/nofp/crtbegin.o
                0x080030a4                        PROVIDE (__init_array_end = .)
                0x080030a4                        . = ALIGN (0x4)

.fini_array     0x080030a4        0x4
                0x080030a4                        . = ALIGN (0x4)
                0x080030a4                        PROVIDE (__fini_array_start = .)
 *(SORT_BY_NAME(.fini_array.*))
 *(.fini_array*)
 .fini_array    0x080030a4        0x4 D:/STM32CubeCLT/STM32CubeCLT_1.16.0/GNU-tools-for-STM32/bin/../lib/gcc/arm-none-eabi/12.3.1/thumb/v7e-m/nofp/crtbegin.o
                0x080030a8                        PROVIDE (__fini_array_end = .)
                0x080030a8                        . = ALIGN (0x4)
                0x080030a8                        _sidata = LOADADDR (.data)

.rel.dyn        0x080030a8        0x0
 .rel.iplt      0x080030a8        0x0 D:/STM32CubeCLT/STM32CubeCLT_1.16.0/GNU-tools-for-STM32/bin/../lib/gcc/arm-none-eabi/12.3.1/thumb/v7e-m/nofp/crtbegin.o

.data           0x20000000      0x134 load address 0x080030a8
                0x20000000                        . = ALIGN (0x4)
                0x20000000                        _sdata = .
 *(.data)
 *(.data*)
 .data.SystemCoreClock
                0x20000000        0x4 CMakeFiles/LED_2_PWM.elf.dir/Core/Src/system_stm32f4xx.c.obj
                0x20000000                SystemCoreClock
 .data.uwTickFreq
                0x20000004        0x1 CMakeFiles/LED_2_PWM.elf.dir/Drivers/STM32F4xx_HAL_Driver/Src/stm32f4xx_hal.c.obj
                0x20000004                uwTickFreq
 *fill*         0x20000005        0x3 
 .data.uwTickPrio
                0x20000008        0x4 CMakeFiles/LED_2_PWM.elf.dir/Drivers/STM32F4xx_HAL_Driver/Src/stm32f4xx_hal.c.obj
                0x20000008                uwTickPrio
 .data._impure_ptr
                0x2000000c        0x4 D:/STM32CubeCLT/STM32CubeCLT_1.16.0/GNU-tools-for-STM32/bin/../lib/gcc/arm-none-eabi/12.3.1/../../../../arm-none-eabi/lib/thumb/v7e-m/nofp\libg.a(libc_a-impure.o)
                0x2000000c                _impure_ptr
 .data._impure_data
                0x20000010      0x120 D:/STM32CubeCLT/STM32CubeCLT_1.16.0/GNU-tools-for-STM32/bin/../lib/gcc/arm-none-eabi/12.3.1/../../../../arm-none-eabi/lib/thumb/v7e-m/nofp\libg.a(libc_a-impure.o)
                0x20000010                _impure_data
 .data.__atexit_recursive_mutex
                0x20000130        0x4 D:/STM32CubeCLT/STM32CubeCLT_1.16.0/GNU-tools-for-STM32/bin/../lib/gcc/arm-none-eabi/12.3.1/../../../../arm-none-eabi/lib/thumb/v7e-m/nofp\libg.a(libc_a-__call_atexit.o)
                0x20000130                __atexit_recursive_mutex
 *(.RamFunc)
 *(.RamFunc*)
                0x20000134                        . = ALIGN (0x4)
                0x20000134                        _edata = .
                0x080031dc                        _siccmram = LOADADDR (.ccmram)

.igot.plt       0x20000134        0x0 load address 0x080031dc
 .igot.plt      0x20000134        0x0 D:/STM32CubeCLT/STM32CubeCLT_1.16.0/GNU-tools-for-STM32/bin/../lib/gcc/arm-none-eabi/12.3.1/thumb/v7e-m/nofp/crtbegin.o

.ccmram         0x10000000        0x0 load address 0x080031dc
                0x10000000                        . = ALIGN (0x4)
                0x10000000                        _sccmram = .
 *(.ccmram)
 *(.ccmram*)
                0x10000000                        . = ALIGN (0x4)
                0x10000000                        _eccmram = .
                0x10000000                        . = ALIGN (0x4)

.bss            0x20000134      0x388
                0x20000134                        _sbss = .
                0x20000134                        __bss_start__ = _sbss
 *(.bss)
 .bss           0x20000134       0x1c D:/STM32CubeCLT/STM32CubeCLT_1.16.0/GNU-tools-for-STM32/bin/../lib/gcc/arm-none-eabi/12.3.1/thumb/v7e-m/nofp/crtbegin.o
 *(.bss*)
 .bss.PWM_FLAG  0x20000150        0x4 CMakeFiles/LED_2_PWM.elf.dir/Core/Src/exit_callback.cpp.obj
                0x20000150                PWM_FLAG
 .bss.htim8     0x20000154       0x48 CMakeFiles/LED_2_PWM.elf.dir/Core/Src/tim.c.obj
                0x20000154                htim8
 .bss.htim1     0x2000019c       0x48 CMakeFiles/LED_2_PWM.elf.dir/Core/Src/tim.c.obj
                0x2000019c                htim1
 .bss.uwTick    0x200001e4        0x4 CMakeFiles/LED_2_PWM.elf.dir/Drivers/STM32F4xx_HAL_Driver/Src/stm32f4xx_hal.c.obj
                0x200001e4                uwTick
 .bss.__sf      0x200001e8      0x138 D:/STM32CubeCLT/STM32CubeCLT_1.16.0/GNU-tools-for-STM32/bin/../lib/gcc/arm-none-eabi/12.3.1/../../../../arm-none-eabi/lib/thumb/v7e-m/nofp\libg.a(libc_a-findfp.o)
                0x200001e8                __sf
 .bss.errno     0x20000320        0x4 D:/STM32CubeCLT/STM32CubeCLT_1.16.0/GNU-tools-for-STM32/bin/../lib/gcc/arm-none-eabi/12.3.1/../../../../arm-none-eabi/lib/thumb/v7e-m/nofp\libg.a(libc_a-reent.o)
                0x20000320                errno
 .bss.__lock___atexit_recursive_mutex
                0x20000324        0x1 D:/STM32CubeCLT/STM32CubeCLT_1.16.0/GNU-tools-for-STM32/bin/../lib/gcc/arm-none-eabi/12.3.1/../../../../arm-none-eabi/lib/thumb/v7e-m/nofp\libg.a(libc_a-lock.o)
                0x20000324                __lock___atexit_recursive_mutex
 *fill*         0x20000325        0x3 
 .bss.__atexit  0x20000328        0x4 D:/STM32CubeCLT/STM32CubeCLT_1.16.0/GNU-tools-for-STM32/bin/../lib/gcc/arm-none-eabi/12.3.1/../../../../arm-none-eabi/lib/thumb/v7e-m/nofp\libg.a(libc_a-__call_atexit.o)
                0x20000328                __atexit
 .bss.__atexit0
                0x2000032c      0x190 D:/STM32CubeCLT/STM32CubeCLT_1.16.0/GNU-tools-for-STM32/bin/../lib/gcc/arm-none-eabi/12.3.1/../../../../arm-none-eabi/lib/thumb/v7e-m/nofp\libg.a(libc_a-__atexit.o)
                0x2000032c                __atexit0
 *(COMMON)
                0x200004bc                        . = ALIGN (0x4)
                0x200004bc                        _ebss = .
                0x200004bc                        __bss_end__ = _ebss

._user_heap_stack
                0x200004bc      0x604
                0x200004c0                        . = ALIGN (0x8)
 *fill*         0x200004bc        0x4 
                [!provide]                        PROVIDE (end = .)
                0x200004c0                        PROVIDE (_end = .)
                0x200006c0                        . = (. + _Min_Heap_Size)
 *fill*         0x200004c0      0x200 
                0x20000ac0                        . = (. + _Min_Stack_Size)
 *fill*         0x200006c0      0x400 
                0x20000ac0                        . = ALIGN (0x8)

/DISCARD/
 libc.a(*)
 libm.a(*)
 libgcc.a(*)

.ARM.attributes
                0x00000000       0x2a
 *(.ARM.attributes)
 .ARM.attributes
                0x00000000       0x1e D:/STM32CubeCLT/STM32CubeCLT_1.16.0/GNU-tools-for-STM32/bin/../lib/gcc/arm-none-eabi/12.3.1/thumb/v7e-m/nofp/crti.o
 .ARM.attributes
                0x0000001e       0x2e D:/STM32CubeCLT/STM32CubeCLT_1.16.0/GNU-tools-for-STM32/bin/../lib/gcc/arm-none-eabi/12.3.1/thumb/v7e-m/nofp/crtbegin.o
 .ARM.attributes
                0x0000004c       0x2e CMakeFiles/LED_2_PWM.elf.dir/Core/Src/exit_callback.cpp.obj
 .ARM.attributes
                0x0000007a       0x2e CMakeFiles/LED_2_PWM.elf.dir/Core/Src/gpio.c.obj
 .ARM.attributes
                0x000000a8       0x2e CMakeFiles/LED_2_PWM.elf.dir/Core/Src/main.c.obj
 .ARM.attributes
                0x000000d6       0x2e CMakeFiles/LED_2_PWM.elf.dir/Core/Src/stm32f4xx_hal_msp.c.obj
 .ARM.attributes
                0x00000104       0x2e CMakeFiles/LED_2_PWM.elf.dir/Core/Src/stm32f4xx_it.c.obj
 .ARM.attributes
                0x00000132       0x2e CMakeFiles/LED_2_PWM.elf.dir/Core/Src/syscalls.c.obj
 .ARM.attributes
                0x00000160       0x2e CMakeFiles/LED_2_PWM.elf.dir/Core/Src/system_stm32f4xx.c.obj
 .ARM.attributes
                0x0000018e       0x2e CMakeFiles/LED_2_PWM.elf.dir/Core/Src/tim.c.obj
 .ARM.attributes
                0x000001bc       0x21 CMakeFiles/LED_2_PWM.elf.dir/Core/Startup/startup_stm32f427iihx.s.obj
 .ARM.attributes
                0x000001dd       0x2e CMakeFiles/LED_2_PWM.elf.dir/Drivers/STM32F4xx_HAL_Driver/Src/stm32f4xx_hal.c.obj
 .ARM.attributes
                0x0000020b       0x2e CMakeFiles/LED_2_PWM.elf.dir/Drivers/STM32F4xx_HAL_Driver/Src/stm32f4xx_hal_cortex.c.obj
 .ARM.attributes
                0x00000239       0x2e CMakeFiles/LED_2_PWM.elf.dir/Drivers/STM32F4xx_HAL_Driver/Src/stm32f4xx_hal_gpio.c.obj
 .ARM.attributes
                0x00000267       0x2e CMakeFiles/LED_2_PWM.elf.dir/Drivers/STM32F4xx_HAL_Driver/Src/stm32f4xx_hal_rcc.c.obj
 .ARM.attributes
                0x00000295       0x2e CMakeFiles/LED_2_PWM.elf.dir/Drivers/STM32F4xx_HAL_Driver/Src/stm32f4xx_hal_tim.c.obj
 .ARM.attributes
                0x000002c3       0x2e CMakeFiles/LED_2_PWM.elf.dir/Drivers/STM32F4xx_HAL_Driver/Src/stm32f4xx_hal_tim_ex.c.obj
 .ARM.attributes
                0x000002f1       0x1e D:/STM32CubeCLT/STM32CubeCLT_1.16.0/GNU-tools-for-STM32/bin/../lib/gcc/arm-none-eabi/12.3.1/thumb/v7e-m/nofp\libgcc.a(_aeabi_uldivmod.o)
 .ARM.attributes
                0x0000030f       0x2e D:/STM32CubeCLT/STM32CubeCLT_1.16.0/GNU-tools-for-STM32/bin/../lib/gcc/arm-none-eabi/12.3.1/thumb/v7e-m/nofp\libgcc.a(_udivmoddi4.o)
 .ARM.attributes
                0x0000033d       0x2e D:/STM32CubeCLT/STM32CubeCLT_1.16.0/GNU-tools-for-STM32/bin/../lib/gcc/arm-none-eabi/12.3.1/thumb/v7e-m/nofp\libgcc.a(unwind-arm.o)
 .ARM.attributes
                0x0000036b       0x1e D:/STM32CubeCLT/STM32CubeCLT_1.16.0/GNU-tools-for-STM32/bin/../lib/gcc/arm-none-eabi/12.3.1/thumb/v7e-m/nofp\libgcc.a(libunwind.o)
 .ARM.attributes
                0x00000389       0x2e D:/STM32CubeCLT/STM32CubeCLT_1.16.0/GNU-tools-for-STM32/bin/../lib/gcc/arm-none-eabi/12.3.1/thumb/v7e-m/nofp\libgcc.a(pr-support.o)
 .ARM.attributes
                0x000003b7       0x1e D:/STM32CubeCLT/STM32CubeCLT_1.16.0/GNU-tools-for-STM32/bin/../lib/gcc/arm-none-eabi/12.3.1/thumb/v7e-m/nofp\libgcc.a(_dvmd_tls.o)
 .ARM.attributes
                0x000003d5       0x2e D:/STM32CubeCLT/STM32CubeCLT_1.16.0/GNU-tools-for-STM32/bin/../lib/gcc/arm-none-eabi/12.3.1/../../../../arm-none-eabi/lib/thumb/v7e-m/nofp\libg.a(libc_a-abort.o)
 .ARM.attributes
                0x00000403       0x2e D:/STM32CubeCLT/STM32CubeCLT_1.16.0/GNU-tools-for-STM32/bin/../lib/gcc/arm-none-eabi/12.3.1/../../../../arm-none-eabi/lib/thumb/v7e-m/nofp\libg.a(libc_a-findfp.o)
 .ARM.attributes
                0x00000431       0x2e D:/STM32CubeCLT/STM32CubeCLT_1.16.0/GNU-tools-for-STM32/bin/../lib/gcc/arm-none-eabi/12.3.1/../../../../arm-none-eabi/lib/thumb/v7e-m/nofp\libg.a(libc_a-memset.o)
 .ARM.attributes
                0x0000045f       0x2e D:/STM32CubeCLT/STM32CubeCLT_1.16.0/GNU-tools-for-STM32/bin/../lib/gcc/arm-none-eabi/12.3.1/../../../../arm-none-eabi/lib/thumb/v7e-m/nofp\libg.a(libc_a-signal.o)
 .ARM.attributes
                0x0000048d       0x2e D:/STM32CubeCLT/STM32CubeCLT_1.16.0/GNU-tools-for-STM32/bin/../lib/gcc/arm-none-eabi/12.3.1/../../../../arm-none-eabi/lib/thumb/v7e-m/nofp\libg.a(libc_a-reent.o)
 .ARM.attributes
                0x000004bb       0x2e D:/STM32CubeCLT/STM32CubeCLT_1.16.0/GNU-tools-for-STM32/bin/../lib/gcc/arm-none-eabi/12.3.1/../../../../arm-none-eabi/lib/thumb/v7e-m/nofp\libg.a(libc_a-impure.o)
 .ARM.attributes
                0x000004e9       0x2e D:/STM32CubeCLT/STM32CubeCLT_1.16.0/GNU-tools-for-STM32/bin/../lib/gcc/arm-none-eabi/12.3.1/../../../../arm-none-eabi/lib/thumb/v7e-m/nofp\libg.a(libc_a-signalr.o)
 .ARM.attributes
                0x00000517       0x2e D:/STM32CubeCLT/STM32CubeCLT_1.16.0/GNU-tools-for-STM32/bin/../lib/gcc/arm-none-eabi/12.3.1/../../../../arm-none-eabi/lib/thumb/v7e-m/nofp\libg.a(libc_a-errno.o)
 .ARM.attributes
                0x00000545       0x2e D:/STM32CubeCLT/STM32CubeCLT_1.16.0/GNU-tools-for-STM32/bin/../lib/gcc/arm-none-eabi/12.3.1/../../../../arm-none-eabi/lib/thumb/v7e-m/nofp\libg.a(libc_a-init.o)
 .ARM.attributes
                0x00000573       0x2e D:/STM32CubeCLT/STM32CubeCLT_1.16.0/GNU-tools-for-STM32/bin/../lib/gcc/arm-none-eabi/12.3.1/../../../../arm-none-eabi/lib/thumb/v7e-m/nofp\libg.a(libc_a-lock.o)
 .ARM.attributes
                0x000005a1       0x2e D:/STM32CubeCLT/STM32CubeCLT_1.16.0/GNU-tools-for-STM32/bin/../lib/gcc/arm-none-eabi/12.3.1/../../../../arm-none-eabi/lib/thumb/v7e-m/nofp\libg.a(libc_a-memcpy-stub.o)
 .ARM.attributes
                0x000005cf       0x2e D:/STM32CubeCLT/STM32CubeCLT_1.16.0/GNU-tools-for-STM32/bin/../lib/gcc/arm-none-eabi/12.3.1/../../../../arm-none-eabi/lib/thumb/v7e-m/nofp\libg.a(libc_a-__call_atexit.o)
 .ARM.attributes
                0x000005fd       0x2e D:/STM32CubeCLT/STM32CubeCLT_1.16.0/GNU-tools-for-STM32/bin/../lib/gcc/arm-none-eabi/12.3.1/../../../../arm-none-eabi/lib/thumb/v7e-m/nofp\libg.a(libc_a-atexit.o)
 .ARM.attributes
                0x0000062b       0x2e D:/STM32CubeCLT/STM32CubeCLT_1.16.0/GNU-tools-for-STM32/bin/../lib/gcc/arm-none-eabi/12.3.1/../../../../arm-none-eabi/lib/thumb/v7e-m/nofp\libg.a(libc_a-fini.o)
 .ARM.attributes
                0x00000659       0x2e D:/STM32CubeCLT/STM32CubeCLT_1.16.0/GNU-tools-for-STM32/bin/../lib/gcc/arm-none-eabi/12.3.1/../../../../arm-none-eabi/lib/thumb/v7e-m/nofp\libg.a(libc_a-__atexit.o)
 .ARM.attributes
                0x00000687       0x1e D:/STM32CubeCLT/STM32CubeCLT_1.16.0/GNU-tools-for-STM32/bin/../lib/gcc/arm-none-eabi/12.3.1/thumb/v7e-m/nofp/crtn.o
OUTPUT(LED_2_PWM.elf elf32-littlearm)
LOAD linker stubs
LOAD D:/STM32CubeCLT/STM32CubeCLT_1.16.0/GNU-tools-for-STM32/bin/../lib/gcc/arm-none-eabi/12.3.1/../../../../arm-none-eabi/lib/thumb/v7e-m/nofp\libc.a
LOAD D:/STM32CubeCLT/STM32CubeCLT_1.16.0/GNU-tools-for-STM32/bin/../lib/gcc/arm-none-eabi/12.3.1/../../../../arm-none-eabi/lib/thumb/v7e-m/nofp\libm.a
LOAD D:/STM32CubeCLT/STM32CubeCLT_1.16.0/GNU-tools-for-STM32/bin/../lib/gcc/arm-none-eabi/12.3.1/thumb/v7e-m/nofp\libgcc.a

.debug_info     0x00000000    0x109f8
 .debug_info    0x00000000      0x8bb CMakeFiles/LED_2_PWM.elf.dir/Core/Src/exit_callback.cpp.obj
 .debug_info    0x000008bb      0x746 CMakeFiles/LED_2_PWM.elf.dir/Core/Src/gpio.c.obj
 .debug_info    0x00001001      0xb6c CMakeFiles/LED_2_PWM.elf.dir/Core/Src/main.c.obj
 .debug_info    0x00001b6d      0x27d CMakeFiles/LED_2_PWM.elf.dir/Core/Src/stm32f4xx_hal_msp.c.obj
 .debug_info    0x00001dea      0x76d CMakeFiles/LED_2_PWM.elf.dir/Core/Src/stm32f4xx_it.c.obj
 .debug_info    0x00002557      0x783 CMakeFiles/LED_2_PWM.elf.dir/Core/Src/syscalls.c.obj
 .debug_info    0x00002cda      0x34c CMakeFiles/LED_2_PWM.elf.dir/Core/Src/system_stm32f4xx.c.obj
 .debug_info    0x00003026     0x11ef CMakeFiles/LED_2_PWM.elf.dir/Core/Src/tim.c.obj
 .debug_info    0x00004215       0x30 CMakeFiles/LED_2_PWM.elf.dir/Core/Startup/startup_stm32f427iihx.s.obj
 .debug_info    0x00004245      0xa4c CMakeFiles/LED_2_PWM.elf.dir/Drivers/STM32F4xx_HAL_Driver/Src/stm32f4xx_hal.c.obj
 .debug_info    0x00004c91      0xfe5 CMakeFiles/LED_2_PWM.elf.dir/Drivers/STM32F4xx_HAL_Driver/Src/stm32f4xx_hal_cortex.c.obj
 .debug_info    0x00005c76      0x71c CMakeFiles/LED_2_PWM.elf.dir/Drivers/STM32F4xx_HAL_Driver/Src/stm32f4xx_hal_gpio.c.obj
 .debug_info    0x00006392      0xa85 CMakeFiles/LED_2_PWM.elf.dir/Drivers/STM32F4xx_HAL_Driver/Src/stm32f4xx_hal_rcc.c.obj
 .debug_info    0x00006e17     0x3be0 CMakeFiles/LED_2_PWM.elf.dir/Drivers/STM32F4xx_HAL_Driver/Src/stm32f4xx_hal_tim.c.obj
 .debug_info    0x0000a9f7     0x1ac8 CMakeFiles/LED_2_PWM.elf.dir/Drivers/STM32F4xx_HAL_Driver/Src/stm32f4xx_hal_tim_ex.c.obj
 .debug_info    0x0000c4bf       0xd8 D:/STM32CubeCLT/STM32CubeCLT_1.16.0/GNU-tools-for-STM32/bin/../lib/gcc/arm-none-eabi/12.3.1/../../../../arm-none-eabi/lib/thumb/v7e-m/nofp\libg.a(libc_a-abort.o)
 .debug_info    0x0000c597      0xfc5 D:/STM32CubeCLT/STM32CubeCLT_1.16.0/GNU-tools-for-STM32/bin/../lib/gcc/arm-none-eabi/12.3.1/../../../../arm-none-eabi/lib/thumb/v7e-m/nofp\libg.a(libc_a-findfp.o)
 .debug_info    0x0000d55c       0xe0 D:/STM32CubeCLT/STM32CubeCLT_1.16.0/GNU-tools-for-STM32/bin/../lib/gcc/arm-none-eabi/12.3.1/../../../../arm-none-eabi/lib/thumb/v7e-m/nofp\libg.a(libc_a-memset.o)
 .debug_info    0x0000d63c      0xa0d D:/STM32CubeCLT/STM32CubeCLT_1.16.0/GNU-tools-for-STM32/bin/../lib/gcc/arm-none-eabi/12.3.1/../../../../arm-none-eabi/lib/thumb/v7e-m/nofp\libg.a(libc_a-signal.o)
 .debug_info    0x0000e049      0x7e7 D:/STM32CubeCLT/STM32CubeCLT_1.16.0/GNU-tools-for-STM32/bin/../lib/gcc/arm-none-eabi/12.3.1/../../../../arm-none-eabi/lib/thumb/v7e-m/nofp\libg.a(libc_a-reent.o)
 .debug_info    0x0000e830      0x733 D:/STM32CubeCLT/STM32CubeCLT_1.16.0/GNU-tools-for-STM32/bin/../lib/gcc/arm-none-eabi/12.3.1/../../../../arm-none-eabi/lib/thumb/v7e-m/nofp\libg.a(libc_a-impure.o)
 .debug_info    0x0000ef63      0x7fb D:/STM32CubeCLT/STM32CubeCLT_1.16.0/GNU-tools-for-STM32/bin/../lib/gcc/arm-none-eabi/12.3.1/../../../../arm-none-eabi/lib/thumb/v7e-m/nofp\libg.a(libc_a-signalr.o)
 .debug_info    0x0000f75e      0x719 D:/STM32CubeCLT/STM32CubeCLT_1.16.0/GNU-tools-for-STM32/bin/../lib/gcc/arm-none-eabi/12.3.1/../../../../arm-none-eabi/lib/thumb/v7e-m/nofp\libg.a(libc_a-errno.o)
 .debug_info    0x0000fe77      0x10b D:/STM32CubeCLT/STM32CubeCLT_1.16.0/GNU-tools-for-STM32/bin/../lib/gcc/arm-none-eabi/12.3.1/../../../../arm-none-eabi/lib/thumb/v7e-m/nofp\libg.a(libc_a-init.o)
 .debug_info    0x0000ff82      0x20a D:/STM32CubeCLT/STM32CubeCLT_1.16.0/GNU-tools-for-STM32/bin/../lib/gcc/arm-none-eabi/12.3.1/../../../../arm-none-eabi/lib/thumb/v7e-m/nofp\libg.a(libc_a-lock.o)
 .debug_info    0x0001018c      0x121 D:/STM32CubeCLT/STM32CubeCLT_1.16.0/GNU-tools-for-STM32/bin/../lib/gcc/arm-none-eabi/12.3.1/../../../../arm-none-eabi/lib/thumb/v7e-m/nofp\libg.a(libc_a-memcpy-stub.o)
 .debug_info    0x000102ad      0x2dd D:/STM32CubeCLT/STM32CubeCLT_1.16.0/GNU-tools-for-STM32/bin/../lib/gcc/arm-none-eabi/12.3.1/../../../../arm-none-eabi/lib/thumb/v7e-m/nofp\libg.a(libc_a-__call_atexit.o)
 .debug_info    0x0001058a      0x118 D:/STM32CubeCLT/STM32CubeCLT_1.16.0/GNU-tools-for-STM32/bin/../lib/gcc/arm-none-eabi/12.3.1/../../../../arm-none-eabi/lib/thumb/v7e-m/nofp\libg.a(libc_a-atexit.o)
 .debug_info    0x000106a2       0xf7 D:/STM32CubeCLT/STM32CubeCLT_1.16.0/GNU-tools-for-STM32/bin/../lib/gcc/arm-none-eabi/12.3.1/../../../../arm-none-eabi/lib/thumb/v7e-m/nofp\libg.a(libc_a-fini.o)
 .debug_info    0x00010799      0x25f D:/STM32CubeCLT/STM32CubeCLT_1.16.0/GNU-tools-for-STM32/bin/../lib/gcc/arm-none-eabi/12.3.1/../../../../arm-none-eabi/lib/thumb/v7e-m/nofp\libg.a(libc_a-__atexit.o)

.debug_abbrev   0x00000000     0x3443
 .debug_abbrev  0x00000000      0x1cd CMakeFiles/LED_2_PWM.elf.dir/Core/Src/exit_callback.cpp.obj
 .debug_abbrev  0x000001cd      0x186 CMakeFiles/LED_2_PWM.elf.dir/Core/Src/gpio.c.obj
 .debug_abbrev  0x00000353      0x230 CMakeFiles/LED_2_PWM.elf.dir/Core/Src/main.c.obj
 .debug_abbrev  0x00000583       0xd6 CMakeFiles/LED_2_PWM.elf.dir/Core/Src/stm32f4xx_hal_msp.c.obj
 .debug_abbrev  0x00000659      0x1c4 CMakeFiles/LED_2_PWM.elf.dir/Core/Src/stm32f4xx_it.c.obj
 .debug_abbrev  0x0000081d      0x1c1 CMakeFiles/LED_2_PWM.elf.dir/Core/Src/syscalls.c.obj
 .debug_abbrev  0x000009de      0x120 CMakeFiles/LED_2_PWM.elf.dir/Core/Src/system_stm32f4xx.c.obj
 .debug_abbrev  0x00000afe      0x242 CMakeFiles/LED_2_PWM.elf.dir/Core/Src/tim.c.obj
 .debug_abbrev  0x00000d40       0x24 CMakeFiles/LED_2_PWM.elf.dir/Core/Startup/startup_stm32f427iihx.s.obj
 .debug_abbrev  0x00000d64      0x240 CMakeFiles/LED_2_PWM.elf.dir/Drivers/STM32F4xx_HAL_Driver/Src/stm32f4xx_hal.c.obj
 .debug_abbrev  0x00000fa4      0x391 CMakeFiles/LED_2_PWM.elf.dir/Drivers/STM32F4xx_HAL_Driver/Src/stm32f4xx_hal_cortex.c.obj
 .debug_abbrev  0x00001335      0x202 CMakeFiles/LED_2_PWM.elf.dir/Drivers/STM32F4xx_HAL_Driver/Src/stm32f4xx_hal_gpio.c.obj
 .debug_abbrev  0x00001537      0x2c7 CMakeFiles/LED_2_PWM.elf.dir/Drivers/STM32F4xx_HAL_Driver/Src/stm32f4xx_hal_rcc.c.obj
 .debug_abbrev  0x000017fe      0x271 CMakeFiles/LED_2_PWM.elf.dir/Drivers/STM32F4xx_HAL_Driver/Src/stm32f4xx_hal_tim.c.obj
 .debug_abbrev  0x00001a6f      0x26f CMakeFiles/LED_2_PWM.elf.dir/Drivers/STM32F4xx_HAL_Driver/Src/stm32f4xx_hal_tim_ex.c.obj
 .debug_abbrev  0x00001cde       0x99 D:/STM32CubeCLT/STM32CubeCLT_1.16.0/GNU-tools-for-STM32/bin/../lib/gcc/arm-none-eabi/12.3.1/../../../../arm-none-eabi/lib/thumb/v7e-m/nofp\libg.a(libc_a-abort.o)
 .debug_abbrev  0x00001d77      0x462 D:/STM32CubeCLT/STM32CubeCLT_1.16.0/GNU-tools-for-STM32/bin/../lib/gcc/arm-none-eabi/12.3.1/../../../../arm-none-eabi/lib/thumb/v7e-m/nofp\libg.a(libc_a-findfp.o)
 .debug_abbrev  0x000021d9       0x9e D:/STM32CubeCLT/STM32CubeCLT_1.16.0/GNU-tools-for-STM32/bin/../lib/gcc/arm-none-eabi/12.3.1/../../../../arm-none-eabi/lib/thumb/v7e-m/nofp\libg.a(libc_a-memset.o)
 .debug_abbrev  0x00002277      0x28a D:/STM32CubeCLT/STM32CubeCLT_1.16.0/GNU-tools-for-STM32/bin/../lib/gcc/arm-none-eabi/12.3.1/../../../../arm-none-eabi/lib/thumb/v7e-m/nofp\libg.a(libc_a-signal.o)
 .debug_abbrev  0x00002501      0x229 D:/STM32CubeCLT/STM32CubeCLT_1.16.0/GNU-tools-for-STM32/bin/../lib/gcc/arm-none-eabi/12.3.1/../../../../arm-none-eabi/lib/thumb/v7e-m/nofp\libg.a(libc_a-reent.o)
 .debug_abbrev  0x0000272a      0x185 D:/STM32CubeCLT/STM32CubeCLT_1.16.0/GNU-tools-for-STM32/bin/../lib/gcc/arm-none-eabi/12.3.1/../../../../arm-none-eabi/lib/thumb/v7e-m/nofp\libg.a(libc_a-impure.o)
 .debug_abbrev  0x000028af      0x239 D:/STM32CubeCLT/STM32CubeCLT_1.16.0/GNU-tools-for-STM32/bin/../lib/gcc/arm-none-eabi/12.3.1/../../../../arm-none-eabi/lib/thumb/v7e-m/nofp\libg.a(libc_a-signalr.o)
 .debug_abbrev  0x00002ae8      0x19a D:/STM32CubeCLT/STM32CubeCLT_1.16.0/GNU-tools-for-STM32/bin/../lib/gcc/arm-none-eabi/12.3.1/../../../../arm-none-eabi/lib/thumb/v7e-m/nofp\libg.a(libc_a-errno.o)
 .debug_abbrev  0x00002c82       0xc9 D:/STM32CubeCLT/STM32CubeCLT_1.16.0/GNU-tools-for-STM32/bin/../lib/gcc/arm-none-eabi/12.3.1/../../../../arm-none-eabi/lib/thumb/v7e-m/nofp\libg.a(libc_a-init.o)
 .debug_abbrev  0x00002d4b      0x115 D:/STM32CubeCLT/STM32CubeCLT_1.16.0/GNU-tools-for-STM32/bin/../lib/gcc/arm-none-eabi/12.3.1/../../../../arm-none-eabi/lib/thumb/v7e-m/nofp\libg.a(libc_a-lock.o)
 .debug_abbrev  0x00002e60       0xc1 D:/STM32CubeCLT/STM32CubeCLT_1.16.0/GNU-tools-for-STM32/bin/../lib/gcc/arm-none-eabi/12.3.1/../../../../arm-none-eabi/lib/thumb/v7e-m/nofp\libg.a(libc_a-memcpy-stub.o)
 .debug_abbrev  0x00002f21      0x20c D:/STM32CubeCLT/STM32CubeCLT_1.16.0/GNU-tools-for-STM32/bin/../lib/gcc/arm-none-eabi/12.3.1/../../../../arm-none-eabi/lib/thumb/v7e-m/nofp\libg.a(libc_a-__call_atexit.o)
 .debug_abbrev  0x0000312d       0xc1 D:/STM32CubeCLT/STM32CubeCLT_1.16.0/GNU-tools-for-STM32/bin/../lib/gcc/arm-none-eabi/12.3.1/../../../../arm-none-eabi/lib/thumb/v7e-m/nofp\libg.a(libc_a-atexit.o)
 .debug_abbrev  0x000031ee       0xcc D:/STM32CubeCLT/STM32CubeCLT_1.16.0/GNU-tools-for-STM32/bin/../lib/gcc/arm-none-eabi/12.3.1/../../../../arm-none-eabi/lib/thumb/v7e-m/nofp\libg.a(libc_a-fini.o)
 .debug_abbrev  0x000032ba      0x189 D:/STM32CubeCLT/STM32CubeCLT_1.16.0/GNU-tools-for-STM32/bin/../lib/gcc/arm-none-eabi/12.3.1/../../../../arm-none-eabi/lib/thumb/v7e-m/nofp\libg.a(libc_a-__atexit.o)

.debug_loclists
                0x00000000     0x5e9c
 .debug_loclists
                0x00000000       0x34 CMakeFiles/LED_2_PWM.elf.dir/Core/Src/exit_callback.cpp.obj
 .debug_loclists
                0x00000034      0x25b CMakeFiles/LED_2_PWM.elf.dir/Core/Src/syscalls.c.obj
 .debug_loclists
                0x0000028f       0xdb CMakeFiles/LED_2_PWM.elf.dir/Core/Src/system_stm32f4xx.c.obj
 .debug_loclists
                0x0000036a       0xa6 CMakeFiles/LED_2_PWM.elf.dir/Core/Src/tim.c.obj
 .debug_loclists
                0x00000410       0xc9 CMakeFiles/LED_2_PWM.elf.dir/Drivers/STM32F4xx_HAL_Driver/Src/stm32f4xx_hal.c.obj
 .debug_loclists
                0x000004d9      0x439 CMakeFiles/LED_2_PWM.elf.dir/Drivers/STM32F4xx_HAL_Driver/Src/stm32f4xx_hal_cortex.c.obj
 .debug_loclists
                0x00000912      0x356 CMakeFiles/LED_2_PWM.elf.dir/Drivers/STM32F4xx_HAL_Driver/Src/stm32f4xx_hal_gpio.c.obj
 .debug_loclists
                0x00000c68      0x3a9 CMakeFiles/LED_2_PWM.elf.dir/Drivers/STM32F4xx_HAL_Driver/Src/stm32f4xx_hal_rcc.c.obj
 .debug_loclists
                0x00001011     0x3331 CMakeFiles/LED_2_PWM.elf.dir/Drivers/STM32F4xx_HAL_Driver/Src/stm32f4xx_hal_tim.c.obj
 .debug_loclists
                0x00004342     0x129a CMakeFiles/LED_2_PWM.elf.dir/Drivers/STM32F4xx_HAL_Driver/Src/stm32f4xx_hal_tim_ex.c.obj
 .debug_loclists
                0x000055dc      0x252 D:/STM32CubeCLT/STM32CubeCLT_1.16.0/GNU-tools-for-STM32/bin/../lib/gcc/arm-none-eabi/12.3.1/../../../../arm-none-eabi/lib/thumb/v7e-m/nofp\libg.a(libc_a-findfp.o)
 .debug_loclists
                0x0000582e       0x47 D:/STM32CubeCLT/STM32CubeCLT_1.16.0/GNU-tools-for-STM32/bin/../lib/gcc/arm-none-eabi/12.3.1/../../../../arm-none-eabi/lib/thumb/v7e-m/nofp\libg.a(libc_a-memset.o)
 .debug_loclists
                0x00005875      0x281 D:/STM32CubeCLT/STM32CubeCLT_1.16.0/GNU-tools-for-STM32/bin/../lib/gcc/arm-none-eabi/12.3.1/../../../../arm-none-eabi/lib/thumb/v7e-m/nofp\libg.a(libc_a-signal.o)
 .debug_loclists
                0x00005af6       0x68 D:/STM32CubeCLT/STM32CubeCLT_1.16.0/GNU-tools-for-STM32/bin/../lib/gcc/arm-none-eabi/12.3.1/../../../../arm-none-eabi/lib/thumb/v7e-m/nofp\libg.a(libc_a-reent.o)
 .debug_loclists
                0x00005b5e       0x81 D:/STM32CubeCLT/STM32CubeCLT_1.16.0/GNU-tools-for-STM32/bin/../lib/gcc/arm-none-eabi/12.3.1/../../../../arm-none-eabi/lib/thumb/v7e-m/nofp\libg.a(libc_a-signalr.o)
 .debug_loclists
                0x00005bdf       0x44 D:/STM32CubeCLT/STM32CubeCLT_1.16.0/GNU-tools-for-STM32/bin/../lib/gcc/arm-none-eabi/12.3.1/../../../../arm-none-eabi/lib/thumb/v7e-m/nofp\libg.a(libc_a-init.o)
 .debug_loclists
                0x00005c23       0x23 D:/STM32CubeCLT/STM32CubeCLT_1.16.0/GNU-tools-for-STM32/bin/../lib/gcc/arm-none-eabi/12.3.1/../../../../arm-none-eabi/lib/thumb/v7e-m/nofp\libg.a(libc_a-lock.o)
 .debug_loclists
                0x00005c46       0x8f D:/STM32CubeCLT/STM32CubeCLT_1.16.0/GNU-tools-for-STM32/bin/../lib/gcc/arm-none-eabi/12.3.1/../../../../arm-none-eabi/lib/thumb/v7e-m/nofp\libg.a(libc_a-memcpy-stub.o)
 .debug_loclists
                0x00005cd5       0xd4 D:/STM32CubeCLT/STM32CubeCLT_1.16.0/GNU-tools-for-STM32/bin/../lib/gcc/arm-none-eabi/12.3.1/../../../../arm-none-eabi/lib/thumb/v7e-m/nofp\libg.a(libc_a-__call_atexit.o)
 .debug_loclists
                0x00005da9       0x2a D:/STM32CubeCLT/STM32CubeCLT_1.16.0/GNU-tools-for-STM32/bin/../lib/gcc/arm-none-eabi/12.3.1/../../../../arm-none-eabi/lib/thumb/v7e-m/nofp\libg.a(libc_a-atexit.o)
 .debug_loclists
                0x00005dd3       0x3b D:/STM32CubeCLT/STM32CubeCLT_1.16.0/GNU-tools-for-STM32/bin/../lib/gcc/arm-none-eabi/12.3.1/../../../../arm-none-eabi/lib/thumb/v7e-m/nofp\libg.a(libc_a-fini.o)
 .debug_loclists
                0x00005e0e       0x8e D:/STM32CubeCLT/STM32CubeCLT_1.16.0/GNU-tools-for-STM32/bin/../lib/gcc/arm-none-eabi/12.3.1/../../../../arm-none-eabi/lib/thumb/v7e-m/nofp\libg.a(libc_a-__atexit.o)

.debug_aranges  0x00000000      0xd10
 .debug_aranges
                0x00000000       0x20 CMakeFiles/LED_2_PWM.elf.dir/Core/Src/exit_callback.cpp.obj
 .debug_aranges
                0x00000020       0x20 CMakeFiles/LED_2_PWM.elf.dir/Core/Src/gpio.c.obj
 .debug_aranges
                0x00000040       0x30 CMakeFiles/LED_2_PWM.elf.dir/Core/Src/main.c.obj
 .debug_aranges
                0x00000070       0x20 CMakeFiles/LED_2_PWM.elf.dir/Core/Src/stm32f4xx_hal_msp.c.obj
 .debug_aranges
                0x00000090       0x78 CMakeFiles/LED_2_PWM.elf.dir/Core/Src/stm32f4xx_it.c.obj
 .debug_aranges
                0x00000108       0xa8 CMakeFiles/LED_2_PWM.elf.dir/Core/Src/syscalls.c.obj
 .debug_aranges
                0x000001b0       0x28 CMakeFiles/LED_2_PWM.elf.dir/Core/Src/system_stm32f4xx.c.obj
 .debug_aranges
                0x000001d8       0x40 CMakeFiles/LED_2_PWM.elf.dir/Core/Src/tim.c.obj
 .debug_aranges
                0x00000218       0x28 CMakeFiles/LED_2_PWM.elf.dir/Core/Startup/startup_stm32f427iihx.s.obj
 .debug_aranges
                0x00000240      0x100 CMakeFiles/LED_2_PWM.elf.dir/Drivers/STM32F4xx_HAL_Driver/Src/stm32f4xx_hal.c.obj
 .debug_aranges
                0x00000340       0xf8 CMakeFiles/LED_2_PWM.elf.dir/Drivers/STM32F4xx_HAL_Driver/Src/stm32f4xx_hal_cortex.c.obj
 .debug_aranges
                0x00000438       0x58 CMakeFiles/LED_2_PWM.elf.dir/Drivers/STM32F4xx_HAL_Driver/Src/stm32f4xx_hal_gpio.c.obj
 .debug_aranges
                0x00000490       0x88 CMakeFiles/LED_2_PWM.elf.dir/Drivers/STM32F4xx_HAL_Driver/Src/stm32f4xx_hal_rcc.c.obj
 .debug_aranges
                0x00000518      0x3d0 CMakeFiles/LED_2_PWM.elf.dir/Drivers/STM32F4xx_HAL_Driver/Src/stm32f4xx_hal_tim.c.obj
 .debug_aranges
                0x000008e8      0x168 CMakeFiles/LED_2_PWM.elf.dir/Drivers/STM32F4xx_HAL_Driver/Src/stm32f4xx_hal_tim_ex.c.obj
 .debug_aranges
                0x00000a50       0x20 D:/STM32CubeCLT/STM32CubeCLT_1.16.0/GNU-tools-for-STM32/bin/../lib/gcc/arm-none-eabi/12.3.1/../../../../arm-none-eabi/lib/thumb/v7e-m/nofp\libg.a(libc_a-abort.o)
 .debug_aranges
                0x00000a70       0x78 D:/STM32CubeCLT/STM32CubeCLT_1.16.0/GNU-tools-for-STM32/bin/../lib/gcc/arm-none-eabi/12.3.1/../../../../arm-none-eabi/lib/thumb/v7e-m/nofp\libg.a(libc_a-findfp.o)
 .debug_aranges
                0x00000ae8       0x20 D:/STM32CubeCLT/STM32CubeCLT_1.16.0/GNU-tools-for-STM32/bin/../lib/gcc/arm-none-eabi/12.3.1/../../../../arm-none-eabi/lib/thumb/v7e-m/nofp\libg.a(libc_a-memset.o)
 .debug_aranges
                0x00000b08       0x58 D:/STM32CubeCLT/STM32CubeCLT_1.16.0/GNU-tools-for-STM32/bin/../lib/gcc/arm-none-eabi/12.3.1/../../../../arm-none-eabi/lib/thumb/v7e-m/nofp\libg.a(libc_a-signal.o)
 .debug_aranges
                0x00000b60       0x20 D:/STM32CubeCLT/STM32CubeCLT_1.16.0/GNU-tools-for-STM32/bin/../lib/gcc/arm-none-eabi/12.3.1/../../../../arm-none-eabi/lib/thumb/v7e-m/nofp\libg.a(libc_a-reent.o)
 .debug_aranges
                0x00000b80       0x18 D:/STM32CubeCLT/STM32CubeCLT_1.16.0/GNU-tools-for-STM32/bin/../lib/gcc/arm-none-eabi/12.3.1/../../../../arm-none-eabi/lib/thumb/v7e-m/nofp\libg.a(libc_a-impure.o)
 .debug_aranges
                0x00000b98       0x28 D:/STM32CubeCLT/STM32CubeCLT_1.16.0/GNU-tools-for-STM32/bin/../lib/gcc/arm-none-eabi/12.3.1/../../../../arm-none-eabi/lib/thumb/v7e-m/nofp\libg.a(libc_a-signalr.o)
 .debug_aranges
                0x00000bc0       0x20 D:/STM32CubeCLT/STM32CubeCLT_1.16.0/GNU-tools-for-STM32/bin/../lib/gcc/arm-none-eabi/12.3.1/../../../../arm-none-eabi/lib/thumb/v7e-m/nofp\libg.a(libc_a-errno.o)
 .debug_aranges
                0x00000be0       0x20 D:/STM32CubeCLT/STM32CubeCLT_1.16.0/GNU-tools-for-STM32/bin/../lib/gcc/arm-none-eabi/12.3.1/../../../../arm-none-eabi/lib/thumb/v7e-m/nofp\libg.a(libc_a-init.o)
 .debug_aranges
                0x00000c00       0x68 D:/STM32CubeCLT/STM32CubeCLT_1.16.0/GNU-tools-for-STM32/bin/../lib/gcc/arm-none-eabi/12.3.1/../../../../arm-none-eabi/lib/thumb/v7e-m/nofp\libg.a(libc_a-lock.o)
 .debug_aranges
                0x00000c68       0x20 D:/STM32CubeCLT/STM32CubeCLT_1.16.0/GNU-tools-for-STM32/bin/../lib/gcc/arm-none-eabi/12.3.1/../../../../arm-none-eabi/lib/thumb/v7e-m/nofp\libg.a(libc_a-memcpy-stub.o)
 .debug_aranges
                0x00000c88       0x28 D:/STM32CubeCLT/STM32CubeCLT_1.16.0/GNU-tools-for-STM32/bin/../lib/gcc/arm-none-eabi/12.3.1/../../../../arm-none-eabi/lib/thumb/v7e-m/nofp\libg.a(libc_a-__call_atexit.o)
 .debug_aranges
                0x00000cb0       0x20 D:/STM32CubeCLT/STM32CubeCLT_1.16.0/GNU-tools-for-STM32/bin/../lib/gcc/arm-none-eabi/12.3.1/../../../../arm-none-eabi/lib/thumb/v7e-m/nofp\libg.a(libc_a-atexit.o)
 .debug_aranges
                0x00000cd0       0x20 D:/STM32CubeCLT/STM32CubeCLT_1.16.0/GNU-tools-for-STM32/bin/../lib/gcc/arm-none-eabi/12.3.1/../../../../arm-none-eabi/lib/thumb/v7e-m/nofp\libg.a(libc_a-fini.o)
 .debug_aranges
                0x00000cf0       0x20 D:/STM32CubeCLT/STM32CubeCLT_1.16.0/GNU-tools-for-STM32/bin/../lib/gcc/arm-none-eabi/12.3.1/../../../../arm-none-eabi/lib/thumb/v7e-m/nofp\libg.a(libc_a-__atexit.o)

.debug_rnglists
                0x00000000      0x9cf
 .debug_rnglists
                0x00000000       0x13 CMakeFiles/LED_2_PWM.elf.dir/Core/Src/exit_callback.cpp.obj
 .debug_rnglists
                0x00000013       0x14 CMakeFiles/LED_2_PWM.elf.dir/Core/Src/gpio.c.obj
 .debug_rnglists
                0x00000027       0x20 CMakeFiles/LED_2_PWM.elf.dir/Core/Src/main.c.obj
 .debug_rnglists
                0x00000047       0x13 CMakeFiles/LED_2_PWM.elf.dir/Core/Src/stm32f4xx_hal_msp.c.obj
 .debug_rnglists
                0x0000005a       0x55 CMakeFiles/LED_2_PWM.elf.dir/Core/Src/stm32f4xx_it.c.obj
 .debug_rnglists
                0x000000af       0x79 CMakeFiles/LED_2_PWM.elf.dir/Core/Src/syscalls.c.obj
 .debug_rnglists
                0x00000128       0x1a CMakeFiles/LED_2_PWM.elf.dir/Core/Src/system_stm32f4xx.c.obj
 .debug_rnglists
                0x00000142       0x2c CMakeFiles/LED_2_PWM.elf.dir/Core/Src/tim.c.obj
 .debug_rnglists
                0x0000016e       0x19 CMakeFiles/LED_2_PWM.elf.dir/Core/Startup/startup_stm32f427iihx.s.obj
 .debug_rnglists
                0x00000187       0xbb CMakeFiles/LED_2_PWM.elf.dir/Drivers/STM32F4xx_HAL_Driver/Src/stm32f4xx_hal.c.obj
 .debug_rnglists
                0x00000242       0xb5 CMakeFiles/LED_2_PWM.elf.dir/Drivers/STM32F4xx_HAL_Driver/Src/stm32f4xx_hal_cortex.c.obj
 .debug_rnglists
                0x000002f7       0x3f CMakeFiles/LED_2_PWM.elf.dir/Drivers/STM32F4xx_HAL_Driver/Src/stm32f4xx_hal_gpio.c.obj
 .debug_rnglists
                0x00000336       0x75 CMakeFiles/LED_2_PWM.elf.dir/Drivers/STM32F4xx_HAL_Driver/Src/stm32f4xx_hal_rcc.c.obj
 .debug_rnglists
                0x000003ab      0x302 CMakeFiles/LED_2_PWM.elf.dir/Drivers/STM32F4xx_HAL_Driver/Src/stm32f4xx_hal_tim.c.obj
 .debug_rnglists
                0x000006ad      0x11b CMakeFiles/LED_2_PWM.elf.dir/Drivers/STM32F4xx_HAL_Driver/Src/stm32f4xx_hal_tim_ex.c.obj
 .debug_rnglists
                0x000007c8       0x13 D:/STM32CubeCLT/STM32CubeCLT_1.16.0/GNU-tools-for-STM32/bin/../lib/gcc/arm-none-eabi/12.3.1/../../../../arm-none-eabi/lib/thumb/v7e-m/nofp\libg.a(libc_a-abort.o)
 .debug_rnglists
                0x000007db       0x7a D:/STM32CubeCLT/STM32CubeCLT_1.16.0/GNU-tools-for-STM32/bin/../lib/gcc/arm-none-eabi/12.3.1/../../../../arm-none-eabi/lib/thumb/v7e-m/nofp\libg.a(libc_a-findfp.o)
 .debug_rnglists
                0x00000855       0x13 D:/STM32CubeCLT/STM32CubeCLT_1.16.0/GNU-tools-for-STM32/bin/../lib/gcc/arm-none-eabi/12.3.1/../../../../arm-none-eabi/lib/thumb/v7e-m/nofp\libg.a(libc_a-memset.o)
 .debug_rnglists
                0x00000868       0x3d D:/STM32CubeCLT/STM32CubeCLT_1.16.0/GNU-tools-for-STM32/bin/../lib/gcc/arm-none-eabi/12.3.1/../../../../arm-none-eabi/lib/thumb/v7e-m/nofp\libg.a(libc_a-signal.o)
 .debug_rnglists
                0x000008a5       0x2b D:/STM32CubeCLT/STM32CubeCLT_1.16.0/GNU-tools-for-STM32/bin/../lib/gcc/arm-none-eabi/12.3.1/../../../../arm-none-eabi/lib/thumb/v7e-m/nofp\libg.a(libc_a-reent.o)
 .debug_rnglists
                0x000008d0       0x19 D:/STM32CubeCLT/STM32CubeCLT_1.16.0/GNU-tools-for-STM32/bin/../lib/gcc/arm-none-eabi/12.3.1/../../../../arm-none-eabi/lib/thumb/v7e-m/nofp\libg.a(libc_a-signalr.o)
 .debug_rnglists
                0x000008e9       0x13 D:/STM32CubeCLT/STM32CubeCLT_1.16.0/GNU-tools-for-STM32/bin/../lib/gcc/arm-none-eabi/12.3.1/../../../../arm-none-eabi/lib/thumb/v7e-m/nofp\libg.a(libc_a-errno.o)
 .debug_rnglists
                0x000008fc       0x13 D:/STM32CubeCLT/STM32CubeCLT_1.16.0/GNU-tools-for-STM32/bin/../lib/gcc/arm-none-eabi/12.3.1/../../../../arm-none-eabi/lib/thumb/v7e-m/nofp\libg.a(libc_a-init.o)
 .debug_rnglists
                0x0000090f       0x49 D:/STM32CubeCLT/STM32CubeCLT_1.16.0/GNU-tools-for-STM32/bin/../lib/gcc/arm-none-eabi/12.3.1/../../../../arm-none-eabi/lib/thumb/v7e-m/nofp\libg.a(libc_a-lock.o)
 .debug_rnglists
                0x00000958       0x13 D:/STM32CubeCLT/STM32CubeCLT_1.16.0/GNU-tools-for-STM32/bin/../lib/gcc/arm-none-eabi/12.3.1/../../../../arm-none-eabi/lib/thumb/v7e-m/nofp\libg.a(libc_a-memcpy-stub.o)
 .debug_rnglists
                0x0000096b       0x2a D:/STM32CubeCLT/STM32CubeCLT_1.16.0/GNU-tools-for-STM32/bin/../lib/gcc/arm-none-eabi/12.3.1/../../../../arm-none-eabi/lib/thumb/v7e-m/nofp\libg.a(libc_a-__call_atexit.o)
 .debug_rnglists
                0x00000995       0x13 D:/STM32CubeCLT/STM32CubeCLT_1.16.0/GNU-tools-for-STM32/bin/../lib/gcc/arm-none-eabi/12.3.1/../../../../arm-none-eabi/lib/thumb/v7e-m/nofp\libg.a(libc_a-atexit.o)
 .debug_rnglists
                0x000009a8       0x13 D:/STM32CubeCLT/STM32CubeCLT_1.16.0/GNU-tools-for-STM32/bin/../lib/gcc/arm-none-eabi/12.3.1/../../../../arm-none-eabi/lib/thumb/v7e-m/nofp\libg.a(libc_a-fini.o)
 .debug_rnglists
                0x000009bb       0x14 D:/STM32CubeCLT/STM32CubeCLT_1.16.0/GNU-tools-for-STM32/bin/../lib/gcc/arm-none-eabi/12.3.1/../../../../arm-none-eabi/lib/thumb/v7e-m/nofp\libg.a(libc_a-__atexit.o)

.debug_line     0x00000000     0xc918
 .debug_line    0x00000000      0x309 CMakeFiles/LED_2_PWM.elf.dir/Core/Src/exit_callback.cpp.obj
 .debug_line    0x00000309      0x2af CMakeFiles/LED_2_PWM.elf.dir/Core/Src/gpio.c.obj
 .debug_line    0x000005b8      0x42d CMakeFiles/LED_2_PWM.elf.dir/Core/Src/main.c.obj
 .debug_line    0x000009e5      0x1f9 CMakeFiles/LED_2_PWM.elf.dir/Core/Src/stm32f4xx_hal_msp.c.obj
 .debug_line    0x00000bde      0x3d3 CMakeFiles/LED_2_PWM.elf.dir/Core/Src/stm32f4xx_it.c.obj
 .debug_line    0x00000fb1      0x468 CMakeFiles/LED_2_PWM.elf.dir/Core/Src/syscalls.c.obj
 .debug_line    0x00001419      0x2c1 CMakeFiles/LED_2_PWM.elf.dir/Core/Src/system_stm32f4xx.c.obj
 .debug_line    0x000016da      0x5a8 CMakeFiles/LED_2_PWM.elf.dir/Core/Src/tim.c.obj
 .debug_line    0x00001c82       0x7a CMakeFiles/LED_2_PWM.elf.dir/Core/Startup/startup_stm32f427iihx.s.obj
 .debug_line    0x00001cfc      0x675 CMakeFiles/LED_2_PWM.elf.dir/Drivers/STM32F4xx_HAL_Driver/Src/stm32f4xx_hal.c.obj
 .debug_line    0x00002371      0x92a CMakeFiles/LED_2_PWM.elf.dir/Drivers/STM32F4xx_HAL_Driver/Src/stm32f4xx_hal_cortex.c.obj
 .debug_line    0x00002c9b      0x78f CMakeFiles/LED_2_PWM.elf.dir/Drivers/STM32F4xx_HAL_Driver/Src/stm32f4xx_hal_gpio.c.obj
 .debug_line    0x0000342a      0xbf8 CMakeFiles/LED_2_PWM.elf.dir/Drivers/STM32F4xx_HAL_Driver/Src/stm32f4xx_hal_rcc.c.obj
 .debug_line    0x00004022     0x4b35 CMakeFiles/LED_2_PWM.elf.dir/Drivers/STM32F4xx_HAL_Driver/Src/stm32f4xx_hal_tim.c.obj
 .debug_line    0x00008b57     0x1dce CMakeFiles/LED_2_PWM.elf.dir/Drivers/STM32F4xx_HAL_Driver/Src/stm32f4xx_hal_tim_ex.c.obj
 .debug_line    0x0000a925      0x167 D:/STM32CubeCLT/STM32CubeCLT_1.16.0/GNU-tools-for-STM32/bin/../lib/gcc/arm-none-eabi/12.3.1/../../../../arm-none-eabi/lib/thumb/v7e-m/nofp\libg.a(libc_a-abort.o)
 .debug_line    0x0000aa8c      0x596 D:/STM32CubeCLT/STM32CubeCLT_1.16.0/GNU-tools-for-STM32/bin/../lib/gcc/arm-none-eabi/12.3.1/../../../../arm-none-eabi/lib/thumb/v7e-m/nofp\libg.a(libc_a-findfp.o)
 .debug_line    0x0000b022      0x17e D:/STM32CubeCLT/STM32CubeCLT_1.16.0/GNU-tools-for-STM32/bin/../lib/gcc/arm-none-eabi/12.3.1/../../../../arm-none-eabi/lib/thumb/v7e-m/nofp\libg.a(libc_a-memset.o)
 .debug_line    0x0000b1a0      0x44b D:/STM32CubeCLT/STM32CubeCLT_1.16.0/GNU-tools-for-STM32/bin/../lib/gcc/arm-none-eabi/12.3.1/../../../../arm-none-eabi/lib/thumb/v7e-m/nofp\libg.a(libc_a-signal.o)
 .debug_line    0x0000b5eb      0x263 D:/STM32CubeCLT/STM32CubeCLT_1.16.0/GNU-tools-for-STM32/bin/../lib/gcc/arm-none-eabi/12.3.1/../../../../arm-none-eabi/lib/thumb/v7e-m/nofp\libg.a(libc_a-reent.o)
 .debug_line    0x0000b84e      0x163 D:/STM32CubeCLT/STM32CubeCLT_1.16.0/GNU-tools-for-STM32/bin/../lib/gcc/arm-none-eabi/12.3.1/../../../../arm-none-eabi/lib/thumb/v7e-m/nofp\libg.a(libc_a-impure.o)
 .debug_line    0x0000b9b1      0x24c D:/STM32CubeCLT/STM32CubeCLT_1.16.0/GNU-tools-for-STM32/bin/../lib/gcc/arm-none-eabi/12.3.1/../../../../arm-none-eabi/lib/thumb/v7e-m/nofp\libg.a(libc_a-signalr.o)
 .debug_line    0x0000bbfd      0x185 D:/STM32CubeCLT/STM32CubeCLT_1.16.0/GNU-tools-for-STM32/bin/../lib/gcc/arm-none-eabi/12.3.1/../../../../arm-none-eabi/lib/thumb/v7e-m/nofp\libg.a(libc_a-errno.o)
 .debug_line    0x0000bd82      0x188 D:/STM32CubeCLT/STM32CubeCLT_1.16.0/GNU-tools-for-STM32/bin/../lib/gcc/arm-none-eabi/12.3.1/../../../../arm-none-eabi/lib/thumb/v7e-m/nofp\libg.a(libc_a-init.o)
 .debug_line    0x0000bf0a      0x19b D:/STM32CubeCLT/STM32CubeCLT_1.16.0/GNU-tools-for-STM32/bin/../lib/gcc/arm-none-eabi/12.3.1/../../../../arm-none-eabi/lib/thumb/v7e-m/nofp\libg.a(libc_a-lock.o)
 .debug_line    0x0000c0a5      0x202 D:/STM32CubeCLT/STM32CubeCLT_1.16.0/GNU-tools-for-STM32/bin/../lib/gcc/arm-none-eabi/12.3.1/../../../../arm-none-eabi/lib/thumb/v7e-m/nofp\libg.a(libc_a-memcpy-stub.o)
 .debug_line    0x0000c2a7      0x28a D:/STM32CubeCLT/STM32CubeCLT_1.16.0/GNU-tools-for-STM32/bin/../lib/gcc/arm-none-eabi/12.3.1/../../../../arm-none-eabi/lib/thumb/v7e-m/nofp\libg.a(libc_a-__call_atexit.o)
 .debug_line    0x0000c531      0x102 D:/STM32CubeCLT/STM32CubeCLT_1.16.0/GNU-tools-for-STM32/bin/../lib/gcc/arm-none-eabi/12.3.1/../../../../arm-none-eabi/lib/thumb/v7e-m/nofp\libg.a(libc_a-atexit.o)
 .debug_line    0x0000c633      0x140 D:/STM32CubeCLT/STM32CubeCLT_1.16.0/GNU-tools-for-STM32/bin/../lib/gcc/arm-none-eabi/12.3.1/../../../../arm-none-eabi/lib/thumb/v7e-m/nofp\libg.a(libc_a-fini.o)
 .debug_line    0x0000c773      0x1a5 D:/STM32CubeCLT/STM32CubeCLT_1.16.0/GNU-tools-for-STM32/bin/../lib/gcc/arm-none-eabi/12.3.1/../../../../arm-none-eabi/lib/thumb/v7e-m/nofp\libg.a(libc_a-__atexit.o)

.debug_str      0x00000000     0x454d
 .debug_str     0x00000000      0x7eb CMakeFiles/LED_2_PWM.elf.dir/Core/Src/exit_callback.cpp.obj
                                0x9dc (size before relaxing)
 .debug_str     0x000007eb      0x7f0 CMakeFiles/LED_2_PWM.elf.dir/Core/Src/gpio.c.obj
                                0x910 (size before relaxing)
 .debug_str     0x00000fdb      0x1f2 CMakeFiles/LED_2_PWM.elf.dir/Core/Src/main.c.obj
                                0xa0e (size before relaxing)
 .debug_str     0x000011cd       0x43 CMakeFiles/LED_2_PWM.elf.dir/Core/Src/stm32f4xx_hal_msp.c.obj
                                0x2e4 (size before relaxing)
 .debug_str     0x00001210      0x143 CMakeFiles/LED_2_PWM.elf.dir/Core/Src/stm32f4xx_it.c.obj
                                0x809 (size before relaxing)
 .debug_str     0x00001353      0x223 CMakeFiles/LED_2_PWM.elf.dir/Core/Src/syscalls.c.obj
                                0x40f (size before relaxing)
 .debug_str     0x00001576       0x9e CMakeFiles/LED_2_PWM.elf.dir/Core/Src/system_stm32f4xx.c.obj
                                0x34a (size before relaxing)
 .debug_str     0x00001614      0x2c7 CMakeFiles/LED_2_PWM.elf.dir/Core/Src/tim.c.obj
                               0x112b (size before relaxing)
 .debug_str     0x000018db       0x5b CMakeFiles/LED_2_PWM.elf.dir/Core/Startup/startup_stm32f427iihx.s.obj
                                 0x87 (size before relaxing)
 .debug_str     0x00001936      0x329 CMakeFiles/LED_2_PWM.elf.dir/Drivers/STM32F4xx_HAL_Driver/Src/stm32f4xx_hal.c.obj
                                0xc15 (size before relaxing)
 .debug_str     0x00001c5f      0x4db CMakeFiles/LED_2_PWM.elf.dir/Drivers/STM32F4xx_HAL_Driver/Src/stm32f4xx_hal_cortex.c.obj
                                0xcd8 (size before relaxing)
 .debug_str     0x0000213a       0xfe CMakeFiles/LED_2_PWM.elf.dir/Drivers/STM32F4xx_HAL_Driver/Src/stm32f4xx_hal_gpio.c.obj
                                0x509 (size before relaxing)
 .debug_str     0x00002238      0x1b0 CMakeFiles/LED_2_PWM.elf.dir/Drivers/STM32F4xx_HAL_Driver/Src/stm32f4xx_hal_rcc.c.obj
                                0x72f (size before relaxing)
 .debug_str     0x000023e8      0xe0c CMakeFiles/LED_2_PWM.elf.dir/Drivers/STM32F4xx_HAL_Driver/Src/stm32f4xx_hal_tim.c.obj
                               0x1715 (size before relaxing)
 .debug_str     0x000031f4      0x453 CMakeFiles/LED_2_PWM.elf.dir/Drivers/STM32F4xx_HAL_Driver/Src/stm32f4xx_hal_tim_ex.c.obj
                                0xf21 (size before relaxing)
 .debug_str     0x00003647      0x16e D:/STM32CubeCLT/STM32CubeCLT_1.16.0/GNU-tools-for-STM32/bin/../lib/gcc/arm-none-eabi/12.3.1/../../../../arm-none-eabi/lib/thumb/v7e-m/nofp\libg.a(libc_a-abort.o)
                                0x209 (size before relaxing)
 .debug_str     0x000037b5      0x55a D:/STM32CubeCLT/STM32CubeCLT_1.16.0/GNU-tools-for-STM32/bin/../lib/gcc/arm-none-eabi/12.3.1/../../../../arm-none-eabi/lib/thumb/v7e-m/nofp\libg.a(libc_a-findfp.o)
                                0x79e (size before relaxing)
 .debug_str     0x00003d0f       0x5a D:/STM32CubeCLT/STM32CubeCLT_1.16.0/GNU-tools-for-STM32/bin/../lib/gcc/arm-none-eabi/12.3.1/../../../../arm-none-eabi/lib/thumb/v7e-m/nofp\libg.a(libc_a-memset.o)
                                0x206 (size before relaxing)
 .debug_str     0x00003d69       0xcc D:/STM32CubeCLT/STM32CubeCLT_1.16.0/GNU-tools-for-STM32/bin/../lib/gcc/arm-none-eabi/12.3.1/../../../../arm-none-eabi/lib/thumb/v7e-m/nofp\libg.a(libc_a-signal.o)
                                0x59d (size before relaxing)
 .debug_str     0x00003e35       0x7f D:/STM32CubeCLT/STM32CubeCLT_1.16.0/GNU-tools-for-STM32/bin/../lib/gcc/arm-none-eabi/12.3.1/../../../../arm-none-eabi/lib/thumb/v7e-m/nofp\libg.a(libc_a-reent.o)
                                0x535 (size before relaxing)
 .debug_str     0x00003eb4       0x59 D:/STM32CubeCLT/STM32CubeCLT_1.16.0/GNU-tools-for-STM32/bin/../lib/gcc/arm-none-eabi/12.3.1/../../../../arm-none-eabi/lib/thumb/v7e-m/nofp\libg.a(libc_a-impure.o)
                                0x51b (size before relaxing)
 .debug_str     0x00003f0d       0x62 D:/STM32CubeCLT/STM32CubeCLT_1.16.0/GNU-tools-for-STM32/bin/../lib/gcc/arm-none-eabi/12.3.1/../../../../arm-none-eabi/lib/thumb/v7e-m/nofp\libg.a(libc_a-signalr.o)
                                0x532 (size before relaxing)
 .debug_str     0x00003f6f       0x58 D:/STM32CubeCLT/STM32CubeCLT_1.16.0/GNU-tools-for-STM32/bin/../lib/gcc/arm-none-eabi/12.3.1/../../../../arm-none-eabi/lib/thumb/v7e-m/nofp\libg.a(libc_a-errno.o)
                                0x510 (size before relaxing)
 .debug_str     0x00003fc7       0xb6 D:/STM32CubeCLT/STM32CubeCLT_1.16.0/GNU-tools-for-STM32/bin/../lib/gcc/arm-none-eabi/12.3.1/../../../../arm-none-eabi/lib/thumb/v7e-m/nofp\libg.a(libc_a-init.o)
                                0x267 (size before relaxing)
 .debug_str     0x0000407d      0x1d7 D:/STM32CubeCLT/STM32CubeCLT_1.16.0/GNU-tools-for-STM32/bin/../lib/gcc/arm-none-eabi/12.3.1/../../../../arm-none-eabi/lib/thumb/v7e-m/nofp\libg.a(libc_a-lock.o)
                                0x379 (size before relaxing)
 .debug_str     0x00004254       0x7f D:/STM32CubeCLT/STM32CubeCLT_1.16.0/GNU-tools-for-STM32/bin/../lib/gcc/arm-none-eabi/12.3.1/../../../../arm-none-eabi/lib/thumb/v7e-m/nofp\libg.a(libc_a-memcpy-stub.o)
                                0x224 (size before relaxing)
 .debug_str     0x000042d3       0xf7 D:/STM32CubeCLT/STM32CubeCLT_1.16.0/GNU-tools-for-STM32/bin/../lib/gcc/arm-none-eabi/12.3.1/../../../../arm-none-eabi/lib/thumb/v7e-m/nofp\libg.a(libc_a-__call_atexit.o)
                                0x343 (size before relaxing)
 .debug_str     0x000043ca       0x9e D:/STM32CubeCLT/STM32CubeCLT_1.16.0/GNU-tools-for-STM32/bin/../lib/gcc/arm-none-eabi/12.3.1/../../../../arm-none-eabi/lib/thumb/v7e-m/nofp\libg.a(libc_a-atexit.o)
                                0x243 (size before relaxing)
 .debug_str     0x00004468       0x7a D:/STM32CubeCLT/STM32CubeCLT_1.16.0/GNU-tools-for-STM32/bin/../lib/gcc/arm-none-eabi/12.3.1/../../../../arm-none-eabi/lib/thumb/v7e-m/nofp\libg.a(libc_a-fini.o)
                                0x23d (size before relaxing)
 .debug_str     0x000044e2       0x6b D:/STM32CubeCLT/STM32CubeCLT_1.16.0/GNU-tools-for-STM32/bin/../lib/gcc/arm-none-eabi/12.3.1/../../../../arm-none-eabi/lib/thumb/v7e-m/nofp\libg.a(libc_a-__atexit.o)
                                0x31a (size before relaxing)

.comment        0x00000000       0x43
 .comment       0x00000000       0x43 CMakeFiles/LED_2_PWM.elf.dir/Core/Src/exit_callback.cpp.obj
                                 0x44 (size before relaxing)
 .comment       0x00000043       0x44 CMakeFiles/LED_2_PWM.elf.dir/Core/Src/gpio.c.obj
 .comment       0x00000043       0x44 CMakeFiles/LED_2_PWM.elf.dir/Core/Src/main.c.obj
 .comment       0x00000043       0x44 CMakeFiles/LED_2_PWM.elf.dir/Core/Src/stm32f4xx_hal_msp.c.obj
 .comment       0x00000043       0x44 CMakeFiles/LED_2_PWM.elf.dir/Core/Src/stm32f4xx_it.c.obj
 .comment       0x00000043       0x44 CMakeFiles/LED_2_PWM.elf.dir/Core/Src/syscalls.c.obj
 .comment       0x00000043       0x44 CMakeFiles/LED_2_PWM.elf.dir/Core/Src/system_stm32f4xx.c.obj
 .comment       0x00000043       0x44 CMakeFiles/LED_2_PWM.elf.dir/Core/Src/tim.c.obj
 .comment       0x00000043       0x44 CMakeFiles/LED_2_PWM.elf.dir/Drivers/STM32F4xx_HAL_Driver/Src/stm32f4xx_hal.c.obj
 .comment       0x00000043       0x44 CMakeFiles/LED_2_PWM.elf.dir/Drivers/STM32F4xx_HAL_Driver/Src/stm32f4xx_hal_cortex.c.obj
 .comment       0x00000043       0x44 CMakeFiles/LED_2_PWM.elf.dir/Drivers/STM32F4xx_HAL_Driver/Src/stm32f4xx_hal_gpio.c.obj
 .comment       0x00000043       0x44 CMakeFiles/LED_2_PWM.elf.dir/Drivers/STM32F4xx_HAL_Driver/Src/stm32f4xx_hal_rcc.c.obj
 .comment       0x00000043       0x44 CMakeFiles/LED_2_PWM.elf.dir/Drivers/STM32F4xx_HAL_Driver/Src/stm32f4xx_hal_tim.c.obj
 .comment       0x00000043       0x44 CMakeFiles/LED_2_PWM.elf.dir/Drivers/STM32F4xx_HAL_Driver/Src/stm32f4xx_hal_tim_ex.c.obj
 .comment       0x00000043       0x44 D:/STM32CubeCLT/STM32CubeCLT_1.16.0/GNU-tools-for-STM32/bin/../lib/gcc/arm-none-eabi/12.3.1/../../../../arm-none-eabi/lib/thumb/v7e-m/nofp\libg.a(libc_a-abort.o)
 .comment       0x00000043       0x44 D:/STM32CubeCLT/STM32CubeCLT_1.16.0/GNU-tools-for-STM32/bin/../lib/gcc/arm-none-eabi/12.3.1/../../../../arm-none-eabi/lib/thumb/v7e-m/nofp\libg.a(libc_a-findfp.o)
 .comment       0x00000043       0x44 D:/STM32CubeCLT/STM32CubeCLT_1.16.0/GNU-tools-for-STM32/bin/../lib/gcc/arm-none-eabi/12.3.1/../../../../arm-none-eabi/lib/thumb/v7e-m/nofp\libg.a(libc_a-memset.o)
 .comment       0x00000043       0x44 D:/STM32CubeCLT/STM32CubeCLT_1.16.0/GNU-tools-for-STM32/bin/../lib/gcc/arm-none-eabi/12.3.1/../../../../arm-none-eabi/lib/thumb/v7e-m/nofp\libg.a(libc_a-signal.o)
 .comment       0x00000043       0x44 D:/STM32CubeCLT/STM32CubeCLT_1.16.0/GNU-tools-for-STM32/bin/../lib/gcc/arm-none-eabi/12.3.1/../../../../arm-none-eabi/lib/thumb/v7e-m/nofp\libg.a(libc_a-reent.o)
 .comment       0x00000043       0x44 D:/STM32CubeCLT/STM32CubeCLT_1.16.0/GNU-tools-for-STM32/bin/../lib/gcc/arm-none-eabi/12.3.1/../../../../arm-none-eabi/lib/thumb/v7e-m/nofp\libg.a(libc_a-impure.o)
 .comment       0x00000043       0x44 D:/STM32CubeCLT/STM32CubeCLT_1.16.0/GNU-tools-for-STM32/bin/../lib/gcc/arm-none-eabi/12.3.1/../../../../arm-none-eabi/lib/thumb/v7e-m/nofp\libg.a(libc_a-signalr.o)
 .comment       0x00000043       0x44 D:/STM32CubeCLT/STM32CubeCLT_1.16.0/GNU-tools-for-STM32/bin/../lib/gcc/arm-none-eabi/12.3.1/../../../../arm-none-eabi/lib/thumb/v7e-m/nofp\libg.a(libc_a-errno.o)
 .comment       0x00000043       0x44 D:/STM32CubeCLT/STM32CubeCLT_1.16.0/GNU-tools-for-STM32/bin/../lib/gcc/arm-none-eabi/12.3.1/../../../../arm-none-eabi/lib/thumb/v7e-m/nofp\libg.a(libc_a-init.o)
 .comment       0x00000043       0x44 D:/STM32CubeCLT/STM32CubeCLT_1.16.0/GNU-tools-for-STM32/bin/../lib/gcc/arm-none-eabi/12.3.1/../../../../arm-none-eabi/lib/thumb/v7e-m/nofp\libg.a(libc_a-lock.o)
 .comment       0x00000043       0x44 D:/STM32CubeCLT/STM32CubeCLT_1.16.0/GNU-tools-for-STM32/bin/../lib/gcc/arm-none-eabi/12.3.1/../../../../arm-none-eabi/lib/thumb/v7e-m/nofp\libg.a(libc_a-memcpy-stub.o)
 .comment       0x00000043       0x44 D:/STM32CubeCLT/STM32CubeCLT_1.16.0/GNU-tools-for-STM32/bin/../lib/gcc/arm-none-eabi/12.3.1/../../../../arm-none-eabi/lib/thumb/v7e-m/nofp\libg.a(libc_a-__call_atexit.o)
 .comment       0x00000043       0x44 D:/STM32CubeCLT/STM32CubeCLT_1.16.0/GNU-tools-for-STM32/bin/../lib/gcc/arm-none-eabi/12.3.1/../../../../arm-none-eabi/lib/thumb/v7e-m/nofp\libg.a(libc_a-atexit.o)
 .comment       0x00000043       0x44 D:/STM32CubeCLT/STM32CubeCLT_1.16.0/GNU-tools-for-STM32/bin/../lib/gcc/arm-none-eabi/12.3.1/../../../../arm-none-eabi/lib/thumb/v7e-m/nofp\libg.a(libc_a-fini.o)
 .comment       0x00000043       0x44 D:/STM32CubeCLT/STM32CubeCLT_1.16.0/GNU-tools-for-STM32/bin/../lib/gcc/arm-none-eabi/12.3.1/../../../../arm-none-eabi/lib/thumb/v7e-m/nofp\libg.a(libc_a-__atexit.o)

.debug_frame    0x00000000     0x22a4
 .debug_frame   0x00000000       0x28 CMakeFiles/LED_2_PWM.elf.dir/Core/Src/exit_callback.cpp.obj
 .debug_frame   0x00000028       0x30 CMakeFiles/LED_2_PWM.elf.dir/Core/Src/gpio.c.obj
 .debug_frame   0x00000058       0x58 CMakeFiles/LED_2_PWM.elf.dir/Core/Src/main.c.obj
 .debug_frame   0x000000b0       0x28 CMakeFiles/LED_2_PWM.elf.dir/Core/Src/stm32f4xx_hal_msp.c.obj
 .debug_frame   0x000000d8       0xf0 CMakeFiles/LED_2_PWM.elf.dir/Core/Src/stm32f4xx_it.c.obj
 .debug_frame   0x000001c8      0x190 CMakeFiles/LED_2_PWM.elf.dir/Core/Src/syscalls.c.obj
 .debug_frame   0x00000358       0x30 CMakeFiles/LED_2_PWM.elf.dir/Core/Src/system_stm32f4xx.c.obj
 .debug_frame   0x00000388       0xac CMakeFiles/LED_2_PWM.elf.dir/Core/Src/tim.c.obj
 .debug_frame   0x00000434      0x20c CMakeFiles/LED_2_PWM.elf.dir/Drivers/STM32F4xx_HAL_Driver/Src/stm32f4xx_hal.c.obj
 .debug_frame   0x00000640      0x214 CMakeFiles/LED_2_PWM.elf.dir/Drivers/STM32F4xx_HAL_Driver/Src/stm32f4xx_hal_cortex.c.obj
 .debug_frame   0x00000854       0xd4 CMakeFiles/LED_2_PWM.elf.dir/Drivers/STM32F4xx_HAL_Driver/Src/stm32f4xx_hal_gpio.c.obj
 .debug_frame   0x00000928      0x16c CMakeFiles/LED_2_PWM.elf.dir/Drivers/STM32F4xx_HAL_Driver/Src/stm32f4xx_hal_rcc.c.obj
 .debug_frame   0x00000a94      0xb08 CMakeFiles/LED_2_PWM.elf.dir/Drivers/STM32F4xx_HAL_Driver/Src/stm32f4xx_hal_tim.c.obj
 .debug_frame   0x0000159c      0x40c CMakeFiles/LED_2_PWM.elf.dir/Drivers/STM32F4xx_HAL_Driver/Src/stm32f4xx_hal_tim_ex.c.obj
 .debug_frame   0x000019a8       0x2c D:/STM32CubeCLT/STM32CubeCLT_1.16.0/GNU-tools-for-STM32/bin/../lib/gcc/arm-none-eabi/12.3.1/thumb/v7e-m/nofp\libgcc.a(_aeabi_uldivmod.o)
 .debug_frame   0x000019d4       0x34 D:/STM32CubeCLT/STM32CubeCLT_1.16.0/GNU-tools-for-STM32/bin/../lib/gcc/arm-none-eabi/12.3.1/thumb/v7e-m/nofp\libgcc.a(_udivmoddi4.o)
 .debug_frame   0x00001a08      0x2c4 D:/STM32CubeCLT/STM32CubeCLT_1.16.0/GNU-tools-for-STM32/bin/../lib/gcc/arm-none-eabi/12.3.1/thumb/v7e-m/nofp\libgcc.a(unwind-arm.o)
 .debug_frame   0x00001ccc      0x104 D:/STM32CubeCLT/STM32CubeCLT_1.16.0/GNU-tools-for-STM32/bin/../lib/gcc/arm-none-eabi/12.3.1/thumb/v7e-m/nofp\libgcc.a(pr-support.o)
 .debug_frame   0x00001dd0       0x28 D:/STM32CubeCLT/STM32CubeCLT_1.16.0/GNU-tools-for-STM32/bin/../lib/gcc/arm-none-eabi/12.3.1/../../../../arm-none-eabi/lib/thumb/v7e-m/nofp\libg.a(libc_a-abort.o)
 .debug_frame   0x00001df8      0x144 D:/STM32CubeCLT/STM32CubeCLT_1.16.0/GNU-tools-for-STM32/bin/../lib/gcc/arm-none-eabi/12.3.1/../../../../arm-none-eabi/lib/thumb/v7e-m/nofp\libg.a(libc_a-findfp.o)
 .debug_frame   0x00001f3c       0x20 D:/STM32CubeCLT/STM32CubeCLT_1.16.0/GNU-tools-for-STM32/bin/../lib/gcc/arm-none-eabi/12.3.1/../../../../arm-none-eabi/lib/thumb/v7e-m/nofp\libg.a(libc_a-memset.o)
 .debug_frame   0x00001f5c       0xcc D:/STM32CubeCLT/STM32CubeCLT_1.16.0/GNU-tools-for-STM32/bin/../lib/gcc/arm-none-eabi/12.3.1/../../../../arm-none-eabi/lib/thumb/v7e-m/nofp\libg.a(libc_a-signal.o)
 .debug_frame   0x00002028       0x38 D:/STM32CubeCLT/STM32CubeCLT_1.16.0/GNU-tools-for-STM32/bin/../lib/gcc/arm-none-eabi/12.3.1/../../../../arm-none-eabi/lib/thumb/v7e-m/nofp\libg.a(libc_a-reent.o)
 .debug_frame   0x00002060       0x3c D:/STM32CubeCLT/STM32CubeCLT_1.16.0/GNU-tools-for-STM32/bin/../lib/gcc/arm-none-eabi/12.3.1/../../../../arm-none-eabi/lib/thumb/v7e-m/nofp\libg.a(libc_a-signalr.o)
 .debug_frame   0x0000209c       0x20 D:/STM32CubeCLT/STM32CubeCLT_1.16.0/GNU-tools-for-STM32/bin/../lib/gcc/arm-none-eabi/12.3.1/../../../../arm-none-eabi/lib/thumb/v7e-m/nofp\libg.a(libc_a-errno.o)
 .debug_frame   0x000020bc       0x2c D:/STM32CubeCLT/STM32CubeCLT_1.16.0/GNU-tools-for-STM32/bin/../lib/gcc/arm-none-eabi/12.3.1/../../../../arm-none-eabi/lib/thumb/v7e-m/nofp\libg.a(libc_a-init.o)
 .debug_frame   0x000020e8       0xb0 D:/STM32CubeCLT/STM32CubeCLT_1.16.0/GNU-tools-for-STM32/bin/../lib/gcc/arm-none-eabi/12.3.1/../../../../arm-none-eabi/lib/thumb/v7e-m/nofp\libg.a(libc_a-lock.o)
 .debug_frame   0x00002198       0x28 D:/STM32CubeCLT/STM32CubeCLT_1.16.0/GNU-tools-for-STM32/bin/../lib/gcc/arm-none-eabi/12.3.1/../../../../arm-none-eabi/lib/thumb/v7e-m/nofp\libg.a(libc_a-memcpy-stub.o)
 .debug_frame   0x000021c0       0x58 D:/STM32CubeCLT/STM32CubeCLT_1.16.0/GNU-tools-for-STM32/bin/../lib/gcc/arm-none-eabi/12.3.1/../../../../arm-none-eabi/lib/thumb/v7e-m/nofp\libg.a(libc_a-__call_atexit.o)
 .debug_frame   0x00002218       0x20 D:/STM32CubeCLT/STM32CubeCLT_1.16.0/GNU-tools-for-STM32/bin/../lib/gcc/arm-none-eabi/12.3.1/../../../../arm-none-eabi/lib/thumb/v7e-m/nofp\libg.a(libc_a-atexit.o)
 .debug_frame   0x00002238       0x38 D:/STM32CubeCLT/STM32CubeCLT_1.16.0/GNU-tools-for-STM32/bin/../lib/gcc/arm-none-eabi/12.3.1/../../../../arm-none-eabi/lib/thumb/v7e-m/nofp\libg.a(libc_a-fini.o)
 .debug_frame   0x00002270       0x34 D:/STM32CubeCLT/STM32CubeCLT_1.16.0/GNU-tools-for-STM32/bin/../lib/gcc/arm-none-eabi/12.3.1/../../../../arm-none-eabi/lib/thumb/v7e-m/nofp\libg.a(libc_a-__atexit.o)

.debug_line_str
                0x00000000       0x6b
 .debug_line_str